Archive member included because of file (symbol)

C:\Users\Rishit\Documents\LPCXpresso_7.8.0_426\workspace\lpc_board_nxp_lpcxpresso_4337\Debug\liblpc_board_nxp_lpcxpresso_4337.a(board.o)
                              ./example/src/lwip_fs.o (Board_UARTPutSTR)
C:\Users\Rishit\Documents\LPCXpresso_7.8.0_426\workspace\lpc_board_nxp_lpcxpresso_4337\Debug\liblpc_board_nxp_lpcxpresso_4337.a(board_sysinit.o)
                              ./example/src/sysinit.o (Board_SystemInit)
C:\Users\Rishit\Documents\LPCXpresso_7.8.0_426\workspace\lpc_board_nxp_lpcxpresso_4337\Debug\liblpc_board_nxp_lpcxpresso_4337.a(lcd_st7565s.o)
                              ./example/src/webserver.o (LCD_Init)
C:\Users\Rishit\Documents\LPCXpresso_7.8.0_426\workspace\lpc_board_nxp_lpcxpresso_4337\Debug\liblpc_board_nxp_lpcxpresso_4337.a(lpc_phy_smsc87x0.o)
                              ./lwip/src/arch/lpc18xx_43xx_emac.o (lpc_phy_init)
C:\Users\Rishit\Documents\LPCXpresso_7.8.0_426\workspace\lpc_board_nxp_lpcxpresso_4337\Debug\liblpc_board_nxp_lpcxpresso_4337.a(wm8904.o)
                              C:\Users\Rishit\Documents\LPCXpresso_7.8.0_426\workspace\lpc_board_nxp_lpcxpresso_4337\Debug\liblpc_board_nxp_lpcxpresso_4337.a(board.o) (WM8904_Init)
C:\Users\Rishit\Documents\LPCXpresso_7.8.0_426\workspace\lpc_chip_43xx\Debug\liblpc_chip_43xx.a(chip_18xx_43xx.o)
                              ./lwip/src/arch/lpc18xx_43xx_systick_arch.o (SystemCoreClock)
C:\Users\Rishit\Documents\LPCXpresso_7.8.0_426\workspace\lpc_chip_43xx\Debug\liblpc_chip_43xx.a(clock_18xx_43xx.o)
                              C:\Users\Rishit\Documents\LPCXpresso_7.8.0_426\workspace\lpc_chip_43xx\Debug\liblpc_chip_43xx.a(chip_18xx_43xx.o) (Chip_Clock_GetClockInputHz)
C:\Users\Rishit\Documents\LPCXpresso_7.8.0_426\workspace\lpc_chip_43xx\Debug\liblpc_chip_43xx.a(enet_18xx_43xx.o)
                              ./lwip/src/arch/lpc18xx_43xx_emac.o (Chip_ENET_Init)
C:\Users\Rishit\Documents\LPCXpresso_7.8.0_426\workspace\lpc_chip_43xx\Debug\liblpc_chip_43xx.a(fpu_init.o)
                              ./example/src/sysinit.o (fpuInit)
C:\Users\Rishit\Documents\LPCXpresso_7.8.0_426\workspace\lpc_chip_43xx\Debug\liblpc_chip_43xx.a(gpio_18xx_43xx.o)
                              C:\Users\Rishit\Documents\LPCXpresso_7.8.0_426\workspace\lpc_board_nxp_lpcxpresso_4337\Debug\liblpc_board_nxp_lpcxpresso_4337.a(board.o) (Chip_GPIO_Init)
C:\Users\Rishit\Documents\LPCXpresso_7.8.0_426\workspace\lpc_chip_43xx\Debug\liblpc_chip_43xx.a(i2c_18xx_43xx.o)
                              C:\Users\Rishit\Documents\LPCXpresso_7.8.0_426\workspace\lpc_board_nxp_lpcxpresso_4337\Debug\liblpc_board_nxp_lpcxpresso_4337.a(wm8904.o) (Chip_I2C_EventHandlerPolling)
C:\Users\Rishit\Documents\LPCXpresso_7.8.0_426\workspace\lpc_chip_43xx\Debug\liblpc_chip_43xx.a(rtc_18xx_43xx.o)
                              ./fatfs/src/rtc.o (Chip_RTC_Init)
C:\Users\Rishit\Documents\LPCXpresso_7.8.0_426\workspace\lpc_chip_43xx\Debug\liblpc_chip_43xx.a(sdif_18xx_43xx.o)
                              ./example/src/lwip_fs.o (Chip_SDIF_Init)
C:\Users\Rishit\Documents\LPCXpresso_7.8.0_426\workspace\lpc_chip_43xx\Debug\liblpc_chip_43xx.a(sdmmc_18xx_43xx.o)
                              ./fatfs/src/fs_mci.o (Chip_SDMMC_GetState)
C:\Users\Rishit\Documents\LPCXpresso_7.8.0_426\workspace\lpc_chip_43xx\Debug\liblpc_chip_43xx.a(ssp_18xx_43xx.o)
                              C:\Users\Rishit\Documents\LPCXpresso_7.8.0_426\workspace\lpc_board_nxp_lpcxpresso_4337\Debug\liblpc_board_nxp_lpcxpresso_4337.a(board.o) (Chip_SSP_WriteFrames_Blocking)
C:\Users\Rishit\Documents\LPCXpresso_7.8.0_426\workspace\lpc_chip_43xx\Debug\liblpc_chip_43xx.a(sysinit_18xx_43xx.o)
                              C:\Users\Rishit\Documents\LPCXpresso_7.8.0_426\workspace\lpc_board_nxp_lpcxpresso_4337\Debug\liblpc_board_nxp_lpcxpresso_4337.a(board_sysinit.o) (Chip_SetupCoreClock)
C:\Users\Rishit\Documents\LPCXpresso_7.8.0_426\workspace\lpc_chip_43xx\Debug\liblpc_chip_43xx.a(uart_18xx_43xx.o)
                              C:\Users\Rishit\Documents\LPCXpresso_7.8.0_426\workspace\lpc_board_nxp_lpcxpresso_4337\Debug\liblpc_board_nxp_lpcxpresso_4337.a(board.o) (Chip_UART_Init)
C:\Users\Rishit\Documents\LPCXpresso_7.8.0_426\workspace\lpc_chip_43xx\Debug\liblpc_chip_43xx.a(ring_buffer.o)
                              C:\Users\Rishit\Documents\LPCXpresso_7.8.0_426\workspace\lpc_chip_43xx\Debug\liblpc_chip_43xx.a(uart_18xx_43xx.o) (RingBuffer_Insert)
c:/nxp/lpcxpresso_7.8.0_426/lpcxpresso/tools/bin/../lib/gcc/arm-none-eabi/4.9.3/../../../../arm-none-eabi/lib/armv7e-m/softfp\libcr_nohost.a(_cr__main.o)
                              ./example/src/cr_startup_lpc43xx.o (__main)
c:/nxp/lpcxpresso_7.8.0_426/lpcxpresso/tools/bin/../lib/gcc/arm-none-eabi/4.9.3/../../../../arm-none-eabi/lib/armv7e-m/softfp\libcr_c.a(memcpy.o)
                              ./lwip/src/netif/etharp.o (memcpy)
[...]
Memory Configuration

Name             Origin             Length             Attributes
MFlashA512       0x1a000000         0x00080000         xr
MFlashB512       0x1b000000         0x00080000         xr
RamLoc32         0x10000000         0x00008000         xrw
RamLoc40         0x10080000         0x0000a000         xrw
RamAHB32         0x20000000         0x00008000         xrw
RamAHB16         0x20008000         0x00004000         xrw
RamAHB_ETB16     0x2000c000         0x00004000         xrw
*default*        0x00000000         0xffffffff

Linker script and memory map

LOAD ./lwip/src/netif/etharp.o
LOAD ./lwip/src/netif/ethernetif.o
LOAD ./lwip/src/core/ipv4/autoip.o
LOAD ./lwip/src/core/ipv4/icmp.o
LOAD ./lwip/src/core/ipv4/igmp.o
LOAD ./lwip/src/core/ipv4/inet.o
LOAD ./lwip/src/core/ipv4/inet_chksum.o
LOAD ./lwip/src/core/ipv4/ip.o
LOAD ./lwip/src/core/ipv4/ip_addr.o
LOAD ./lwip/src/core/ipv4/ip_frag.o
LOAD ./lwip/src/core/def.o
LOAD ./lwip/src/core/dhcp.o
LOAD ./lwip/src/core/dns.o
LOAD ./lwip/src/core/init.o
LOAD ./lwip/src/core/mem.o
LOAD ./lwip/src/core/memp.o
LOAD ./lwip/src/core/netif.o
LOAD ./lwip/src/core/pbuf.o
LOAD ./lwip/src/core/raw.o
LOAD ./lwip/src/core/stats.o
LOAD ./lwip/src/core/sys.o
LOAD ./lwip/src/core/tcp.o
LOAD ./lwip/src/core/tcp_in.o
LOAD ./lwip/src/core/tcp_out.o
LOAD ./lwip/src/core/timers.o
LOAD ./lwip/src/core/udp.o
LOAD ./lwip/src/arch/lpc18xx_43xx_emac.o
LOAD ./lwip/src/arch/lpc18xx_43xx_systick_arch.o
LOAD ./lwip/src/arch/lpc_debug.o
LOAD ./lwip/src/api/api_lib.o
LOAD ./lwip/src/api/api_msg.o
LOAD ./lwip/src/api/err.o
LOAD ./lwip/src/api/netbuf.o
LOAD ./lwip/src/api/netdb.o
LOAD ./lwip/src/api/netifapi.o
LOAD ./lwip/src/api/sockets.o
LOAD ./lwip/src/api/tcpip.o
LOAD ./fatfs/src/ff.o
LOAD ./fatfs/src/fs_mci.o
LOAD ./fatfs/src/rtc.o
LOAD ./example/src/cr_startup_lpc43xx.o
LOAD ./example/src/httpd.o
LOAD ./example/src/lpc_rom8x8.o
LOAD ./example/src/lwip_fs.o
LOAD ./example/src/sysinit.o
LOAD ./example/src/webserver.o
LOAD C:\Users\Rishit\Documents\LPCXpresso_7.8.0_426\workspace\lpc_board_nxp_lpcxpresso_4337\Debug\liblpc_board_nxp_lpcxpresso_4337.a
LOAD C:\Users\Rishit\Documents\LPCXpresso_7.8.0_426\workspace\lpc_chip_43xx\Debug\liblpc_chip_43xx.a
START GROUP
LOAD c:/nxp/lpcxpresso_7.8.0_426/lpcxpresso/tools/bin/../lib/gcc/arm-none-eabi/4.9.3/../../../../arm-none-eabi/lib/armv7e-m/softfp\libcr_nohost.a
LOAD c:/nxp/lpcxpresso_7.8.0_426/lpcxpresso/tools/bin/../lib/gcc/arm-none-eabi/4.9.3/../../../../arm-none-eabi/lib/armv7e-m/softfp\libcr_c.a
LOAD c:/nxp/lpcxpresso_7.8.0_426/lpcxpresso/tools/bin/../lib/gcc/arm-none-eabi/4.9.3/armv7e-m/softfp\libcr_eabihelpers.a
END GROUP
                0x1a080000                __top_MFlashA512 = 0x1a080000
                0x1b080000                __top_MFlashB512 = 0x1b080000
                0x10008000                __top_RamLoc32 = 0x10008000
                0x1008a000                __top_RamLoc40 = 0x1008a000
                0x20008000                __top_RamAHB32 = 0x20008000
                0x2000c000                __top_RamAHB16 = 0x2000c000
                0x20010000                __top_RamAHB_ETB16 = 0x20010000

.text_Flash2    0x1b000000        0x0
 FILL mask 0xff
 *(.text_Flash2*)
 *(.text_MFlashB512*)
 *(.text.$Flash2*)
 *(.text.$MFlashB512*)
 *(.rodata.$Flash2*)
 *(.rodata.$MFlashB512*)

.text           0x1a000000    0x15ec0
 FILL mask 0xff
                0x1a000000                __vectors_start__ = ABSOLUTE (.)
 *(.isr_vector)
 .isr_vector    0x1a000000      0x114 ./example/src/cr_startup_lpc43xx.o
                0x1a000000                g_pfnVectors
                0x1a000114                . = ALIGN (0x4)
                0x1a000114                __section_table_start = .
                0x1a000114                __data_section_table = .
                0x1a000114        0x4 LONG 0x1a015ec0 LOADADDR (.data)
                0x1a000118        0x4 LONG 0x10000000 ADDR (.data)
                0x1a00011c        0x4 LONG 0x1228 SIZEOF (.data)
                0x1a000120        0x4 LONG 0x1a015ec0 LOADADDR (.data_RAM2)
                0x1a000124        0x4 LONG 0x10080000 ADDR (.data_RAM2)
                0x1a000128        0x4 LONG 0x0 SIZEOF (.data_RAM2)
                0x1a00012c        0x4 LONG 0x1a015ec0 LOADADDR (.data_RAM3)
                0x1a000130        0x4 LONG 0x20000000 ADDR (.data_RAM3)
                0x1a000134        0x4 LONG 0x0 SIZEOF (.data_RAM3)
                0x1a000138        0x4 LONG 0x1a015ec0 LOADADDR (.data_RAM4)
                0x1a00013c        0x4 LONG 0x20008000 ADDR (.data_RAM4)
                0x1a000140        0x4 LONG 0x0 SIZEOF (.data_RAM4)
                0x1a000144        0x4 LONG 0x1a015ec0 LOADADDR (.data_RAM5)
                0x1a000148        0x4 LONG 0x2000c000 ADDR (.data_RAM5)
                0x1a00014c        0x4 LONG 0x0 SIZEOF (.data_RAM5)
                0x1a000150                __data_section_table_end = .
                0x1a000150                __bss_section_table = .
                0x1a000150        0x4 LONG 0x10001228 ADDR (.bss)
                0x1a000154        0x4 LONG 0x12c8 SIZEOF (.bss)
                0x1a000158        0x4 LONG 0x10080000 ADDR (.bss_RAM2)
                0x1a00015c        0x4 LONG 0x0 SIZEOF (.bss_RAM2)
                0x1a000160        0x4 LONG 0x20000000 ADDR (.bss_RAM3)
                0x1a000164        0x4 LONG 0x0 SIZEOF (.bss_RAM3)
                0x1a000168        0x4 LONG 0x20008000 ADDR (.bss_RAM4)
                0x1a00016c        0x4 LONG 0x0 SIZEOF (.bss_RAM4)
                0x1a000170        0x4 LONG 0x2000c000 ADDR (.bss_RAM5)
                0x1a000174        0x4 LONG 0x0 SIZEOF (.bss_RAM5)
                0x1a000178                __bss_section_table_end = .
                0x1a000178                __section_table_end = .
 *(.after_vectors*)
 .after_vectors
                0x1a000178       0xcc ./example/src/cr_startup_lpc43xx.o
                0x1a000178                data_init
                0x1a0001bc                bss_init
                0x1a0001f4                NMI_Handler
                0x1a0001fc                HardFault_Handler
                0x1a000204                MemManage_Handler
                0x1a00020c                BusFault_Handler
                0x1a000214                UsageFault_Handler
                0x1a00021c                SVC_Handler
                0x1a000224                DebugMon_Handler
                0x1a00022c                PendSV_Handler
                0x1a00023c                I2C1_IRQHandler
                0x1a00023c                UART1_IRQHandler
                0x1a00023c                GPIO5_IRQHandler
                0x1a00023c                CAN1_IRQHandler
                0x1a00023c                USB1_IRQHandler
                0x1a00023c                I2S0_IRQHandler
                0x1a00023c                TIMER3_IRQHandler
                0x1a00023c                UART0_IRQHandler
                0x1a00023c                FLASH_EEPROM_IRQHandler
                0x1a00023c                SGPIO_IRQHandler
                0x1a00023c                ADC0_IRQHandler
                0x1a00023c                ADCHS_IRQHandler
                0x1a00023c                GPIO6_IRQHandler
                0x1a00023c                IntDefaultHandler
                0x1a00023c                I2C0_IRQHandler
                0x1a00023c                SSP0_IRQHandler
                0x1a00023c                ADC1_IRQHandler
                0x1a00023c                RTC_IRQHandler
                0x1a00023c                TIMER0_IRQHandler
                0x1a00023c                SPI_IRQHandler
                0x1a00023c                LCD_IRQHandler
                0x1a00023c                RIT_IRQHandler
                0x1a00023c                TIMER1_IRQHandler
                0x1a00023c                UART2_IRQHandler
                0x1a00023c                GPIO2_IRQHandler
                0x1a00023c                I2S1_IRQHandler
                0x1a00023c                SSP1_IRQHandler
                0x1a00023c                USB0_IRQHandler
                0x1a00023c                GPIO3_IRQHandler
                0x1a00023c                SCT_IRQHandler
                0x1a00023c                GPIO1_IRQHandler
                0x1a00023c                WDT_IRQHandler
                0x1a00023c                ATIMER_IRQHandler
                0x1a00023c                GPIO7_IRQHandler
                0x1a00023c                SPIFI_IRQHandler
                0x1a00023c                QEI_IRQHandler
                0x1a00023c                CAN0_IRQHandler
                0x1a00023c                GINT0_IRQHandler
                0x1a00023c                DAC_IRQHandler
                0x1a00023c                M0SUB_IRQHandler
                0x1a00023c                GPIO0_IRQHandler
                0x1a00023c                DMA_IRQHandler
                0x1a00023c                EVRT_IRQHandler
                0x1a00023c                TIMER2_IRQHandler
                0x1a00023c                UART3_IRQHandler
                0x1a00023c                MCPWM_IRQHandler
                0x1a00023c                M0APP_IRQHandler
                0x1a00023c                GINT1_IRQHandler
                0x1a00023c                GPIO4_IRQHandler
 *(.text*)
 .text.etharp_free_entry
                0x1a000244       0x64 ./lwip/src/netif/etharp.o
 .text.etharp_tmr
                0x1a0002a8       0xdc ./lwip/src/netif/etharp.o
                0x1a0002a8                etharp_tmr
 .text.etharp_find_entry
                0x1a000384      0x23c ./lwip/src/netif/etharp.o
 .text.etharp_send_ip
                0x1a0005c0       0x60 ./lwip/src/netif/etharp.o
 .text.etharp_update_arp_entry
                0x1a000620      0x12c ./lwip/src/netif/etharp.o
 .text.etharp_cleanup_netif
                0x1a00074c       0x60 ./lwip/src/netif/etharp.o
                0x1a00074c                etharp_cleanup_netif
 .text.etharp_arp_input
                0x1a0007ac      0x1a0 ./lwip/src/netif/etharp.o
 .text.etharp_output_to_arp_index
                0x1a00094c       0xb8 ./lwip/src/netif/etharp.o
 .text.etharp_output
                0x1a000a04      0x1b0 ./lwip/src/netif/etharp.o
                0x1a000a04                etharp_output
 .text.etharp_query
                0x1a000bb4      0x248 ./lwip/src/netif/etharp.o
                0x1a000bb4                etharp_query
 .text.etharp_raw
                0x1a000dfc      0x118 ./lwip/src/netif/etharp.o
 .text.etharp_request
                0x1a000f14       0x48 ./lwip/src/netif/etharp.o
                0x1a000f14                etharp_request
 .text.ethernet_input
                0x1a000f5c      0x100 ./lwip/src/netif/etharp.o
                0x1a000f5c                ethernet_input
 .text.icmp_input
                0x1a00105c      0x210 ./lwip/src/core/ipv4/icmp.o
                0x1a00105c                icmp_input
 .text.icmp_dest_unreach
                0x1a00126c       0x20 ./lwip/src/core/ipv4/icmp.o
                0x1a00126c                icmp_dest_unreach
 .text.icmp_time_exceeded
                0x1a00128c       0x20 ./lwip/src/core/ipv4/icmp.o
                0x1a00128c                icmp_time_exceeded
 .text.icmp_send_response
                0x1a0012ac       0xb8 ./lwip/src/core/ipv4/icmp.o
 .text.lwip_standard_chksum
                0x1a001364       0x9c ./lwip/src/core/ipv4/inet_chksum.o
 .text.inet_chksum_pseudo
                0x1a001400      0x110 ./lwip/src/core/ipv4/inet_chksum.o
                0x1a001400                inet_chksum_pseudo
 .text.inet_chksum_pseudo_partial
                0x1a001510      0x13c ./lwip/src/core/ipv4/inet_chksum.o
                0x1a001510                inet_chksum_pseudo_partial
 .text.inet_chksum
                0x1a00164c       0x24 ./lwip/src/core/ipv4/inet_chksum.o
                0x1a00164c                inet_chksum
 .text.inet_chksum_pbuf
                0x1a001670       0x98 ./lwip/src/core/ipv4/inet_chksum.o
                0x1a001670                inet_chksum_pbuf
 .text.lwip_chksum_copy
                0x1a001708       0x30 ./lwip/src/core/ipv4/inet_chksum.o
                0x1a001708                lwip_chksum_copy
 .text.ip_route
                0x1a001738       0x78 ./lwip/src/core/ipv4/ip.o
                0x1a001738                ip_route
 .text.ip_input
                0x1a0017b0      0x25c ./lwip/src/core/ipv4/ip.o
                0x1a0017b0                ip_input
 .text.ip_output_if
                0x1a001a0c      0x1c0 ./lwip/src/core/ipv4/ip.o
                0x1a001a0c                ip_output_if
 .text.ip_output
                0x1a001bcc       0x58 ./lwip/src/core/ipv4/ip.o
                0x1a001bcc                ip_output
 .text.ip4_addr_isbroadcast
                0x1a001c24       0x78 ./lwip/src/core/ipv4/ip_addr.o
                0x1a001c24                ip4_addr_isbroadcast
 .text.ipaddr_ntoa_r
                0x1a001c9c      0x104 ./lwip/src/core/ipv4/ip_addr.o
                0x1a001c9c                ipaddr_ntoa_r
 .text.ip_reass_tmr
                0x1a001da0       0x54 ./lwip/src/core/ipv4/ip_frag.o
                0x1a001da0                ip_reass_tmr
 .text.ip_reass_free_complete_datagram
                0x1a001df4      0x10c ./lwip/src/core/ipv4/ip_frag.o
 .text.ip_reass_remove_oldest_datagram
                0x1a001f00       0xb8 ./lwip/src/core/ipv4/ip_frag.o
 .text.ip_reass_enqueue_new_datagram
                0x1a001fb8       0x80 ./lwip/src/core/ipv4/ip_frag.o
 .text.ip_reass_dequeue_datagram
                0x1a002038       0x40 ./lwip/src/core/ipv4/ip_frag.o
 .text.ip_reass_chain_frag_into_datagram_and_validate
                0x1a002078      0x250 ./lwip/src/core/ipv4/ip_frag.o
 .text.ip_reass
                0x1a0022c8      0x244 ./lwip/src/core/ipv4/ip_frag.o
                0x1a0022c8                ip_reass
 .text.ip_frag_alloc_pbuf_custom_ref
                0x1a00250c       0x18 ./lwip/src/core/ipv4/ip_frag.o
 .text.ip_frag_free_pbuf_custom_ref
                0x1a002524       0x20 ./lwip/src/core/ipv4/ip_frag.o
 .text.ipfrag_free_pbuf_custom
                0x1a002544       0x40 ./lwip/src/core/ipv4/ip_frag.o
 .text.ip_frag  0x1a002584      0x208 ./lwip/src/core/ipv4/ip_frag.o
                0x1a002584                ip_frag
 .text.lwip_htons
                0x1a00278c       0x2c ./lwip/src/core/def.o
                0x1a00278c                lwip_htons
 .text.lwip_ntohs
                0x1a0027b8       0x1c ./lwip/src/core/def.o
                0x1a0027b8                lwip_ntohs
 .text.lwip_htonl
                0x1a0027d4       0x34 ./lwip/src/core/def.o
                0x1a0027d4                lwip_htonl
 .text.lwip_ntohl
                0x1a002808       0x18 ./lwip/src/core/def.o
                0x1a002808                lwip_ntohl
 .text.dhcp_handle_nak
                0x1a002820       0x44 ./lwip/src/core/dhcp.o
 .text.dhcp_check
                0x1a002864       0x5c ./lwip/src/core/dhcp.o
 .text.dhcp_handle_offer
                0x1a0028c0       0x44 ./lwip/src/core/dhcp.o
 .text.dhcp_select
                0x1a002904      0x140 ./lwip/src/core/dhcp.o
 .text.dhcp_coarse_tmr
                0x1a002a44       0x5c ./lwip/src/core/dhcp.o
                0x1a002a44                dhcp_coarse_tmr
 .text.dhcp_fine_tmr
                0x1a002aa0       0x60 ./lwip/src/core/dhcp.o
                0x1a002aa0                dhcp_fine_tmr
 .text.dhcp_timeout
                0x1a002b00       0xc8 ./lwip/src/core/dhcp.o
 .text.dhcp_t1_timeout
                0x1a002bc8       0x34 ./lwip/src/core/dhcp.o
 .text.dhcp_t2_timeout
                0x1a002bfc       0x34 ./lwip/src/core/dhcp.o
 .text.dhcp_handle_ack
                0x1a002c30       0xb8 ./lwip/src/core/dhcp.o
 .text.dhcp_start
                0x1a002ce8      0x13c ./lwip/src/core/dhcp.o
                0x1a002ce8                dhcp_start
 .text.dhcp_network_changed
                0x1a002e24       0x7c ./lwip/src/core/dhcp.o
                0x1a002e24                dhcp_network_changed
 .text.dhcp_arp_reply
                0x1a002ea0       0x44 ./lwip/src/core/dhcp.o
                0x1a002ea0                dhcp_arp_reply
 .text.dhcp_decline
                0x1a002ee4       0xc4 ./lwip/src/core/dhcp.o
 .text.dhcp_discover
                0x1a002fa8      0x104 ./lwip/src/core/dhcp.o
 .text.dhcp_bind
                0x1a0030ac      0x150 ./lwip/src/core/dhcp.o
 .text.dhcp_renew
                0x1a0031fc       0xdc ./lwip/src/core/dhcp.o
                0x1a0031fc                dhcp_renew
 .text.dhcp_rebind
                0x1a0032d8       0xe0 ./lwip/src/core/dhcp.o
 .text.dhcp_reboot
                0x1a0033b8       0xf4 ./lwip/src/core/dhcp.o
 .text.dhcp_release
                0x1a0034ac      0x10c ./lwip/src/core/dhcp.o
                0x1a0034ac                dhcp_release
 .text.dhcp_stop
                0x1a0035b8       0x64 ./lwip/src/core/dhcp.o
                0x1a0035b8                dhcp_stop
 .text.dhcp_set_state
                0x1a00361c       0x34 ./lwip/src/core/dhcp.o
 .text.dhcp_option
                0x1a003650       0x5c ./lwip/src/core/dhcp.o
 .text.dhcp_option_byte
                0x1a0036ac       0x38 ./lwip/src/core/dhcp.o
 .text.dhcp_option_short
                0x1a0036e4       0x60 ./lwip/src/core/dhcp.o
 .text.dhcp_option_long
                0x1a003744       0xa4 ./lwip/src/core/dhcp.o
 .text.dhcp_option_hostname
                0x1a0037e8       0x7c ./lwip/src/core/dhcp.o
 .text.dhcp_parse_reply
                0x1a003864      0x474 ./lwip/src/core/dhcp.o
 .text.dhcp_recv
                0x1a003cd8      0x150 ./lwip/src/core/dhcp.o
 .text.dhcp_create_msg
                0x1a003e28      0x254 ./lwip/src/core/dhcp.o
 .text.dhcp_delete_msg
                0x1a00407c       0x50 ./lwip/src/core/dhcp.o
 .text.dhcp_option_trailer
                0x1a0040cc       0x80 ./lwip/src/core/dhcp.o
 .text.lwip_init
                0x1a00414c       0x18 ./lwip/src/core/init.o
                0x1a00414c                lwip_init
 .text.netif_init
                0x1a004164        0xc ./lwip/src/core/netif.o
                0x1a004164                netif_init
 .text.netif_add
                0x1a004170       0x94 ./lwip/src/core/netif.o
                0x1a004170                netif_add
 .text.netif_set_addr
                0x1a004204       0x2c ./lwip/src/core/netif.o
                0x1a004204                netif_set_addr
 .text.netif_set_ipaddr
                0x1a004230       0xb0 ./lwip/src/core/netif.o
                0x1a004230                netif_set_ipaddr
 .text.netif_set_gw
                0x1a0042e0       0x28 ./lwip/src/core/netif.o
                0x1a0042e0                netif_set_gw
 .text.netif_set_netmask
                0x1a004308       0x28 ./lwip/src/core/netif.o
                0x1a004308                netif_set_netmask
 .text.netif_set_default
                0x1a004330       0x1c ./lwip/src/core/netif.o
                0x1a004330                netif_set_default
 .text.netif_set_up
                0x1a00434c       0x58 ./lwip/src/core/netif.o
                0x1a00434c                netif_set_up
 .text.netif_set_down
                0x1a0043a4       0x44 ./lwip/src/core/netif.o
                0x1a0043a4                netif_set_down
 .text.netif_set_link_up
                0x1a0043e8       0x64 ./lwip/src/core/netif.o
                0x1a0043e8                netif_set_link_up
 .text.netif_set_link_down
                0x1a00444c       0x34 ./lwip/src/core/netif.o
                0x1a00444c                netif_set_link_down
 .text.pbuf_free_ooseq
                0x1a004480       0x48 ./lwip/src/core/pbuf.o
                0x1a004480                pbuf_free_ooseq
 .text.pbuf_pool_is_empty
                0x1a0044c8       0x18 ./lwip/src/core/pbuf.o
 .text.pbuf_alloc
                0x1a0044e0      0x294 ./lwip/src/core/pbuf.o
                0x1a0044e0                pbuf_alloc
 .text.pbuf_alloced_custom
                0x1a004774       0xb4 ./lwip/src/core/pbuf.o
                0x1a004774                pbuf_alloced_custom
 .text.pbuf_realloc
                0x1a004828       0xe4 ./lwip/src/core/pbuf.o
                0x1a004828                pbuf_realloc
 .text.pbuf_header
                0x1a00490c       0xf0 ./lwip/src/core/pbuf.o
                0x1a00490c                pbuf_header
 .text.pbuf_free
                0x1a0049fc       0xe4 ./lwip/src/core/pbuf.o
                0x1a0049fc                pbuf_free
 .text.pbuf_clen
                0x1a004ae0       0x30 ./lwip/src/core/pbuf.o
                0x1a004ae0                pbuf_clen
 .text.pbuf_ref
                0x1a004b10       0x24 ./lwip/src/core/pbuf.o
                0x1a004b10                pbuf_ref
 .text.pbuf_cat
                0x1a004b34       0x78 ./lwip/src/core/pbuf.o
                0x1a004b34                pbuf_cat
 .text.pbuf_chain
                0x1a004bac       0x20 ./lwip/src/core/pbuf.o
                0x1a004bac                pbuf_chain
 .text.pbuf_copy
                0x1a004bcc      0x13c ./lwip/src/core/pbuf.o
                0x1a004bcc                pbuf_copy
 .text.pbuf_copy_partial
                0x1a004d08       0xd4 ./lwip/src/core/pbuf.o
                0x1a004d08                pbuf_copy_partial
 .text.raw_input
                0x1a004ddc       0xdc ./lwip/src/core/raw.o
                0x1a004ddc                raw_input
 .text.tcp_init
                0x1a004eb8        0xc ./lwip/src/core/tcp.o
                0x1a004eb8                tcp_init
 .text.tcp_tmr  0x1a004ec4       0x2c ./lwip/src/core/tcp.o
                0x1a004ec4                tcp_tmr
 .text.tcp_close_shutdown
                0x1a004ef0      0x254 ./lwip/src/core/tcp.o
 .text.tcp_close
                0x1a005144       0x30 ./lwip/src/core/tcp.o
                0x1a005144                tcp_close
 .text.tcp_abandon
                0x1a005174       0xd8 ./lwip/src/core/tcp.o
                0x1a005174                tcp_abandon
 .text.tcp_abort
                0x1a00524c       0x18 ./lwip/src/core/tcp.o
                0x1a00524c                tcp_abort
 .text.tcp_bind
                0x1a005264       0xe0 ./lwip/src/core/tcp.o
                0x1a005264                tcp_bind
 .text.tcp_accept_null
                0x1a005344       0x20 ./lwip/src/core/tcp.o
 .text.tcp_listen_with_backlog
                0x1a005364      0x120 ./lwip/src/core/tcp.o
                0x1a005364                tcp_listen_with_backlog
 .text.tcp_update_rcv_ann_wnd
                0x1a005484       0x8c ./lwip/src/core/tcp.o
                0x1a005484                tcp_update_rcv_ann_wnd
 .text.tcp_recved
                0x1a005510       0x7c ./lwip/src/core/tcp.o
                0x1a005510                tcp_recved
 .text.tcp_new_port
                0x1a00558c       0x8c ./lwip/src/core/tcp.o
 .text.tcp_slowtmr
                0x1a005618      0x4c8 ./lwip/src/core/tcp.o
                0x1a005618                tcp_slowtmr
 .text.tcp_fasttmr
                0x1a005ae0       0xa0 ./lwip/src/core/tcp.o
                0x1a005ae0                tcp_fasttmr
 .text.tcp_process_refused_data
                0x1a005b80       0xd0 ./lwip/src/core/tcp.o
                0x1a005b80                tcp_process_refused_data
 .text.tcp_segs_free
                0x1a005c50       0x28 ./lwip/src/core/tcp.o
                0x1a005c50                tcp_segs_free
 .text.tcp_seg_free
                0x1a005c78       0x2c ./lwip/src/core/tcp.o
                0x1a005c78                tcp_seg_free
 .text.tcp_setprio
                0x1a005ca4       0x1c ./lwip/src/core/tcp.o
                0x1a005ca4                tcp_setprio
 .text.tcp_seg_copy
                0x1a005cc0       0x40 ./lwip/src/core/tcp.o
                0x1a005cc0                tcp_seg_copy
 .text.tcp_recv_null
                0x1a005d00       0x48 ./lwip/src/core/tcp.o
                0x1a005d00                tcp_recv_null
 .text.tcp_kill_prio
                0x1a005d48       0x80 ./lwip/src/core/tcp.o
 .text.tcp_kill_timewait
                0x1a005dc8       0x5c ./lwip/src/core/tcp.o
 .text.tcp_alloc
                0x1a005e24      0x128 ./lwip/src/core/tcp.o
                0x1a005e24                tcp_alloc
 .text.tcp_new  0x1a005f4c       0x10 ./lwip/src/core/tcp.o
                0x1a005f4c                tcp_new
 .text.tcp_arg  0x1a005f5c       0x1c ./lwip/src/core/tcp.o
                0x1a005f5c                tcp_arg
 .text.tcp_recv
                0x1a005f78       0x24 ./lwip/src/core/tcp.o
                0x1a005f78                tcp_recv
 .text.tcp_sent
                0x1a005f9c       0x24 ./lwip/src/core/tcp.o
                0x1a005f9c                tcp_sent
 .text.tcp_err  0x1a005fc0       0x24 ./lwip/src/core/tcp.o
                0x1a005fc0                tcp_err
 .text.tcp_accept
                0x1a005fe4       0x1c ./lwip/src/core/tcp.o
                0x1a005fe4                tcp_accept
 .text.tcp_poll
                0x1a006000       0x30 ./lwip/src/core/tcp.o
                0x1a006000                tcp_poll
 .text.tcp_pcb_purge
                0x1a006030       0x80 ./lwip/src/core/tcp.o
                0x1a006030                tcp_pcb_purge
 .text.tcp_pcb_remove
                0x1a0060b0       0xcc ./lwip/src/core/tcp.o
                0x1a0060b0                tcp_pcb_remove
 .text.tcp_next_iss
                0x1a00617c       0x28 ./lwip/src/core/tcp.o
                0x1a00617c                tcp_next_iss
 .text.tcp_eff_send_mss
                0x1a0061a4       0x40 ./lwip/src/core/tcp.o
                0x1a0061a4                tcp_eff_send_mss
 .text.tcp_input
                0x1a0061e4      0x670 ./lwip/src/core/tcp_in.o
                0x1a0061e4                tcp_input
 .text.tcp_listen_input
                0x1a006854      0x194 ./lwip/src/core/tcp_in.o
 .text.tcp_timewait_input
                0x1a0069e8       0xd8 ./lwip/src/core/tcp_in.o
 .text.tcp_process
                0x1a006ac0      0x6d8 ./lwip/src/core/tcp_in.o
 .text.tcp_oos_insert_segment
                0x1a007198       0xec ./lwip/src/core/tcp_in.o
 .text.tcp_receive
                0x1a007284      0xf70 ./lwip/src/core/tcp_in.o
 .text.tcp_parseopt
                0x1a0081f4      0x104 ./lwip/src/core/tcp_in.o
 .text.tcp_output_alloc_header
                0x1a0082f8       0xe4 ./lwip/src/core/tcp_out.o
 .text.tcp_send_fin
                0x1a0083dc       0x80 ./lwip/src/core/tcp_out.o
                0x1a0083dc                tcp_send_fin
 .text.tcp_create_segment
                0x1a00845c      0x128 ./lwip/src/core/tcp_out.o
 .text.tcp_pbuf_prealloc
                0x1a008584       0xb0 ./lwip/src/core/tcp_out.o
 .text.tcp_seg_add_chksum
                0x1a008634       0x68 ./lwip/src/core/tcp_out.o
 .text.tcp_write_checks
                0x1a00869c       0xc4 ./lwip/src/core/tcp_out.o
 .text.tcp_write
                0x1a008760      0x5ec ./lwip/src/core/tcp_out.o
                0x1a008760                tcp_write
 .text.tcp_enqueue_flags
                0x1a008d4c      0x1d4 ./lwip/src/core/tcp_out.o
                0x1a008d4c                tcp_enqueue_flags
 .text.tcp_send_empty_ack
                0x1a008f20       0x90 ./lwip/src/core/tcp_out.o
                0x1a008f20                tcp_send_empty_ack
 .text.tcp_output
                0x1a008fb0      0x2c0 ./lwip/src/core/tcp_out.o
                0x1a008fb0                tcp_output
 .text.tcp_output_segment
                0x1a009270      0x20c ./lwip/src/core/tcp_out.o
 .text.tcp_rst  0x1a00947c       0xdc ./lwip/src/core/tcp_out.o
                0x1a00947c                tcp_rst
 .text.tcp_rexmit_rto
                0x1a009558       0x60 ./lwip/src/core/tcp_out.o
                0x1a009558                tcp_rexmit_rto
 .text.tcp_rexmit
                0x1a0095b8       0x94 ./lwip/src/core/tcp_out.o
                0x1a0095b8                tcp_rexmit
 .text.tcp_rexmit_fast
                0x1a00964c       0xa4 ./lwip/src/core/tcp_out.o
                0x1a00964c                tcp_rexmit_fast
 .text.tcp_keepalive
                0x1a0096f0       0x74 ./lwip/src/core/tcp_out.o
                0x1a0096f0                tcp_keepalive
 .text.tcp_zero_window_probe
                0x1a009764      0x10c ./lwip/src/core/tcp_out.o
                0x1a009764                tcp_zero_window_probe
 .text.tcpip_tcp_timer
                0x1a009870       0x44 ./lwip/src/core/timers.o
 .text.tcp_timer_needed
                0x1a0098b4       0x40 ./lwip/src/core/timers.o
                0x1a0098b4                tcp_timer_needed
 .text.ip_reass_timer
                0x1a0098f4       0x24 ./lwip/src/core/timers.o
 .text.arp_timer
                0x1a009918       0x24 ./lwip/src/core/timers.o
 .text.dhcp_timer_coarse
                0x1a00993c       0x24 ./lwip/src/core/timers.o
 .text.dhcp_timer_fine
                0x1a009960       0x24 ./lwip/src/core/timers.o
 .text.sys_timeouts_init
                0x1a009984       0x54 ./lwip/src/core/timers.o
                0x1a009984                sys_timeouts_init
 .text.sys_timeout
                0x1a0099d8       0xf0 ./lwip/src/core/timers.o
                0x1a0099d8                sys_timeout
 .text.sys_check_timeouts
                0x1a009ac8       0x98 ./lwip/src/core/timers.o
                0x1a009ac8                sys_check_timeouts
 .text.udp_init
                0x1a009b60        0xc ./lwip/src/core/udp.o
                0x1a009b60                udp_init
 .text.udp_new_port
                0x1a009b6c       0x74 ./lwip/src/core/udp.o
 .text.udp_input
                0x1a009be0      0x2c4 ./lwip/src/core/udp.o
                0x1a009be0                udp_input
 .text.udp_sendto_if
                0x1a009ea4       0x34 ./lwip/src/core/udp.o
                0x1a009ea4                udp_sendto_if
 .text.udp_sendto_if_chksum
                0x1a009ed8      0x1d4 ./lwip/src/core/udp.o
                0x1a009ed8                udp_sendto_if_chksum
 .text.udp_bind
                0x1a00a0ac       0xc8 ./lwip/src/core/udp.o
                0x1a00a0ac                udp_bind
 .text.udp_connect
                0x1a00a174       0x9c ./lwip/src/core/udp.o
                0x1a00a174                udp_connect
 .text.udp_recv
                0x1a00a210       0x24 ./lwip/src/core/udp.o
                0x1a00a210                udp_recv
 .text.udp_remove
                0x1a00a234       0x5c ./lwip/src/core/udp.o
                0x1a00a234                udp_remove
 .text.udp_new  0x1a00a290       0x38 ./lwip/src/core/udp.o
                0x1a00a290                udp_new
 .text.NVIC_DisableIRQ
                0x1a00a2c8       0x34 ./lwip/src/arch/lpc18xx_43xx_emac.o
 .text.Chip_ENET_SetADDR
                0x1a00a2fc       0x50 ./lwip/src/arch/lpc18xx_43xx_emac.o
 .text.lpc_rxqueue_pbuf
                0x1a00a34c       0xac ./lwip/src/arch/lpc18xx_43xx_emac.o
 .text.lpc_rx_setup
                0x1a00a3f8       0xac ./lwip/src/arch/lpc18xx_43xx_emac.o
 .text.lpc_low_level_input
                0x1a00a4a4      0x140 ./lwip/src/arch/lpc18xx_43xx_emac.o
 .text.lpc_tx_setup
                0x1a00a5e4       0x9c ./lwip/src/arch/lpc18xx_43xx_emac.o
 .text.lpc_low_level_output
                0x1a00a680      0x170 ./lwip/src/arch/lpc18xx_43xx_emac.o
 .text.lpc_etharp_output
                0x1a00a7f0       0x34 ./lwip/src/arch/lpc18xx_43xx_emac.o
 .text.low_level_init
                0x1a00a824      0x100 ./lwip/src/arch/lpc18xx_43xx_emac.o
 .text.lpc_rx_queue
                0x1a00a924       0x60 ./lwip/src/arch/lpc18xx_43xx_emac.o
                0x1a00a924                lpc_rx_queue
 .text.lpc_enetif_input
                0x1a00a984       0x64 ./lwip/src/arch/lpc18xx_43xx_emac.o
                0x1a00a984                lpc_enetif_input
 .text.lpc_tx_reclaim
                0x1a00a9e8       0xb0 ./lwip/src/arch/lpc18xx_43xx_emac.o
                0x1a00a9e8                lpc_tx_reclaim
 .text.lpc_tx_ready
                0x1a00aa98       0x1c ./lwip/src/arch/lpc18xx_43xx_emac.o
                0x1a00aa98                lpc_tx_ready
 .text.ETH_IRQHandler
                0x1a00aab4        0xc ./lwip/src/arch/lpc18xx_43xx_emac.o
                0x1a00aab4                ETH_IRQHandler
 .text.lpc_enetif_init
                0x1a00aac0       0x94 ./lwip/src/arch/lpc18xx_43xx_emac.o
                0x1a00aac0                lpc_enetif_init
 .text.NVIC_SetPriority
                0x1a00ab54       0x54 ./lwip/src/arch/lpc18xx_43xx_systick_arch.o
 .text.SysTick_Config
                0x1a00aba8       0x44 ./lwip/src/arch/lpc18xx_43xx_systick_arch.o
 .text.SysTick_Enable
                0x1a00abec       0x38 ./lwip/src/arch/lpc18xx_43xx_systick_arch.o
                0x1a00abec                SysTick_Enable
 .text.SysTick_Handler
                0x1a00ac24       0x24 ./lwip/src/arch/lpc18xx_43xx_systick_arch.o
                0x1a00ac24                SysTick_Handler
 .text.SysTick_GetMS
                0x1a00ac48       0x18 ./lwip/src/arch/lpc18xx_43xx_systick_arch.o
                0x1a00ac48                SysTick_GetMS
 .text.msDelay  0x1a00ac60       0x2c ./lwip/src/arch/lpc18xx_43xx_systick_arch.o
                0x1a00ac60                msDelay
 .text.sys_now  0x1a00ac8c       0x10 ./lwip/src/arch/lpc18xx_43xx_systick_arch.o
                0x1a00ac8c                sys_now
 .text.assert_loop
                0x1a00ac9c        0x8 ./lwip/src/arch/lpc_debug.o
                0x1a00ac9c                assert_loop
 .text.mem_cpy  0x1a00aca4       0x3c ./fatfs/src/ff.o
 .text.mem_set  0x1a00ace0       0x34 ./fatfs/src/ff.o
 .text.mem_cmp  0x1a00ad14       0x50 ./fatfs/src/ff.o
 .text.chk_chr  0x1a00ad64       0x38 ./fatfs/src/ff.o
 .text.move_window
                0x1a00ad9c       0xbc ./fatfs/src/ff.o
 .text.sync     0x1a00ae58      0x14c ./fatfs/src/ff.o
 .text.clust2sect
                0x1a00afa4       0x40 ./fatfs/src/ff.o
                0x1a00afa4                clust2sect
 .text.get_fat  0x1a00afe4      0x158 ./fatfs/src/ff.o
                0x1a00afe4                get_fat
 .text.put_fat  0x1a00b13c      0x1f4 ./fatfs/src/ff.o
                0x1a00b13c                put_fat
 .text.remove_chain
                0x1a00b330       0x9c ./fatfs/src/ff.o
 .text.create_chain
                0x1a00b3cc      0x118 ./fatfs/src/ff.o
 .text.dir_sdi  0x1a00b4e4      0x104 ./fatfs/src/ff.o
 .text.dir_next
                0x1a00b5e8      0x1a8 ./fatfs/src/ff.o
 .text.ld_clust
                0x1a00b790       0x5c ./fatfs/src/ff.o
 .text.st_clust
                0x1a00b7ec       0x4c ./fatfs/src/ff.o
 .text.dir_find
                0x1a00b838       0x94 ./fatfs/src/ff.o
 .text.dir_register
                0x1a00b8cc       0xac ./fatfs/src/ff.o
 .text.create_name
                0x1a00b978      0x234 ./fatfs/src/ff.o
 .text.follow_path
                0x1a00bbac       0xd0 ./fatfs/src/ff.o
 .text.check_fs
                0x1a00bc7c       0xc0 ./fatfs/src/ff.o
 .text.chk_mounted
                0x1a00bd3c      0x550 ./fatfs/src/ff.o
 .text.validate
                0x1a00c28c       0x54 ./fatfs/src/ff.o
 .text.f_mount  0x1a00c2e0       0x54 ./fatfs/src/ff.o
                0x1a00c2e0                f_mount
 .text.f_open   0x1a00c334      0x280 ./fatfs/src/ff.o
                0x1a00c334                f_open
 .text.f_read   0x1a00c5b4      0x2ac ./fatfs/src/ff.o
                0x1a00c5b4                f_read
 .text.f_sync   0x1a00c860      0x158 ./fatfs/src/ff.o
                0x1a00c860                f_sync
 .text.f_close  0x1a00c9b8       0x28 ./fatfs/src/ff.o
                0x1a00c9b8                f_close
 .text.Chip_RIT_GetCounter
                0x1a00c9e0       0x18 ./fatfs/src/fs_mci.o
 .text.FSMCI_CardReadyWait
                0x1a00c9f8       0xac ./fatfs/src/fs_mci.o
 .text.FSMCI_CardGetState
                0x1a00caa4       0x3c ./fatfs/src/fs_mci.o
 .text.disk_initialize
                0x1a00cae0       0x88 ./fatfs/src/fs_mci.o
                0x1a00cae0                disk_initialize
 .text.disk_ioctl
                0x1a00cb68      0x18c ./fatfs/src/fs_mci.o
                0x1a00cb68                disk_ioctl
 .text.disk_read
                0x1a00ccf4       0x5c ./fatfs/src/fs_mci.o
                0x1a00ccf4                disk_read
 .text.disk_status
                0x1a00cd50       0x2c ./fatfs/src/fs_mci.o
                0x1a00cd50                disk_status
 .text.disk_write
                0x1a00cd7c       0x5c ./fatfs/src/fs_mci.o
                0x1a00cd7c                disk_write
 .text.rtc_initialize
                0x1a00cdd8       0x5c ./fatfs/src/rtc.o
                0x1a00cdd8                rtc_initialize
 .text.rtc_gettime
                0x1a00ce34       0x5c ./fatfs/src/rtc.o
                0x1a00ce34                rtc_gettime
 .text.get_fattime
                0x1a00ce90       0x40 ./fatfs/src/rtc.o
                0x1a00ce90                get_fattime
 .text.ResetISR
                0x1a00ced0       0xc4 ./example/src/cr_startup_lpc43xx.o
                0x1a00ced0                ResetISR
 .text.strnstr  0x1a00cf94       0x70 ./example/src/httpd.o
 .text.http_state_alloc
                0x1a00d004       0x34 ./example/src/httpd.o
 .text.http_state_free
                0x1a00d038       0x4c ./example/src/httpd.o
 .text.http_write
                0x1a00d084       0x7c ./example/src/httpd.o
 .text.http_close_conn
                0x1a00d100       0x6c ./example/src/httpd.o
 .text.extract_uri_parameters
                0x1a00d16c       0xc4 ./example/src/httpd.o
 .text.get_tag_insert
                0x1a00d230      0x114 ./example/src/httpd.o
 .text.get_http_headers
                0x1a00d344      0x180 ./example/src/httpd.o
 .text.http_send_data
                0x1a00d4c4      0x974 ./example/src/httpd.o
 .text.http_get_404_file
                0x1a00de38       0x6c ./example/src/httpd.o
 .text.http_parse_request
                0x1a00dea4      0x11c ./example/src/httpd.o
 .text.http_find_file
                0x1a00dfc0      0x1ec ./example/src/httpd.o
 .text.http_init_file
                0x1a00e1ac       0xfc ./example/src/httpd.o
 .text.http_err
                0x1a00e2a8       0x24 ./example/src/httpd.o
 .text.http_sent
                0x1a00e2cc       0x38 ./example/src/httpd.o
 .text.http_poll
                0x1a00e304       0x74 ./example/src/httpd.o
 .text.http_recv
                0x1a00e378       0xdc ./example/src/httpd.o
 .text.http_accept
                0x1a00e454       0x7c ./example/src/httpd.o
 .text.httpd_init_addr
                0x1a00e4d0       0x68 ./example/src/httpd.o
 .text.httpd_init
                0x1a00e538       0x10 ./example/src/httpd.o
                0x1a00e538                httpd_init
 .text.http_set_ssi_handler
                0x1a00e548       0x50 ./example/src/httpd.o
                0x1a00e548                http_set_ssi_handler
 .text.http_set_cgi_handlers
                0x1a00e598       0x38 ./example/src/httpd.o
                0x1a00e598                http_set_cgi_handlers
 .text.NVIC_EnableIRQ
                0x1a00e5d0       0x30 ./example/src/lwip_fs.o
 .text.NVIC_DisableIRQ
                0x1a00e600       0x34 ./example/src/lwip_fs.o
 .text.NVIC_ClearPendingIRQ
                0x1a00e634       0x34 ./example/src/lwip_fs.o
 .text.Chip_SDIF_GetIntStatus
                0x1a00e668       0x18 ./example/src/lwip_fs.o
 .text.Chip_SDIF_ClrIntStatus
                0x1a00e680       0x1c ./example/src/lwip_fs.o
 .text.Chip_SDIF_SetIntMask
                0x1a00e69c       0x1c ./example/src/lwip_fs.o
 .text.Chip_RIT_GetCounter
                0x1a00e6b8       0x18 ./example/src/lwip_fs.o
 .text.mutex_lock
                0x1a00e6d0       0x18 ./example/src/lwip_fs.o
 .text.mutex_init
                0x1a00e6e8       0x1c ./example/src/lwip_fs.o
 .text.mutex_unlock
                0x1a00e704       0x14 ./example/src/lwip_fs.o
 .text.get_http_headers
                0x1a00e718      0x134 ./example/src/lwip_fs.o
 .text.sdmmc_waitms
                0x1a00e84c       0x78 ./example/src/lwip_fs.o
 .text.sdmmc_setup_wakeup
                0x1a00e8c4       0x34 ./example/src/lwip_fs.o
 .text.sdmmc_irq_driven_wait
                0x1a00e8f8       0x3c ./example/src/lwip_fs.o
 .text.App_SDMMC_Init
                0x1a00e934       0x48 ./example/src/lwip_fs.o
 .text.fs_init  0x1a00e97c       0x38 ./example/src/lwip_fs.o
                0x1a00e97c                fs_init
 .text.fs_open_default
                0x1a00e9b4       0x8c ./example/src/lwip_fs.o
                0x1a00e9b4                fs_open_default
 .text.fs_open  0x1a00ea40       0xd8 ./example/src/lwip_fs.o
                0x1a00ea40                fs_open
 .text.fs_close
                0x1a00eb18       0x38 ./example/src/lwip_fs.o
                0x1a00eb18                fs_close
 .text.fs_read  0x1a00eb50       0x50 ./example/src/lwip_fs.o
                0x1a00eb50                fs_read
 .text.fs_bytes_left
                0x1a00eba0       0x20 ./example/src/lwip_fs.o
                0x1a00eba0                fs_bytes_left
 .text.SDIO_IRQHandler
                0x1a00ebc0       0x18 ./example/src/lwip_fs.o
                0x1a00ebc0                SDIO_IRQHandler
 .text.SystemInit
                0x1a00ebd8       0x28 ./example/src/sysinit.o
                0x1a00ebd8                SystemInit
 .text.prvSetupHardware
                0x1a00ec00       0x24 ./example/src/webserver.o
 .text.ToggleLEDHandler
                0x1a00ec24      0x160 ./example/src/webserver.o
                0x1a00ec24                ToggleLEDHandler
 .text.SSI_Pot_Handler
                0x1a00ed84       0x2c ./example/src/webserver.o
                0x1a00ed84                SSI_Pot_Handler
 .text.main     0x1a00edb0      0x270 ./example/src/webserver.o
                0x1a00edb0                main
 .text.Chip_SCU_PinMuxSet
                0x1a00f020       0x30 C:\Users\Rishit\Documents\LPCXpresso_7.8.0_426\workspace\lpc_board_nxp_lpcxpresso_4337\Debug\liblpc_board_nxp_lpcxpresso_4337.a(board.o)
 .text.Chip_SCU_ClockPinMuxSet
                0x1a00f050       0x2c C:\Users\Rishit\Documents\LPCXpresso_7.8.0_426\workspace\lpc_board_nxp_lpcxpresso_4337\Debug\liblpc_board_nxp_lpcxpresso_4337.a(board.o)
 .text.Chip_ENET_RMIIEnable
                0x1a00f07c       0x28 C:\Users\Rishit\Documents\LPCXpresso_7.8.0_426\workspace\lpc_board_nxp_lpcxpresso_4337\Debug\liblpc_board_nxp_lpcxpresso_4337.a(board.o)
 .text.Chip_GPIO_SetPinState
                0x1a00f0a4       0x38 C:\Users\Rishit\Documents\LPCXpresso_7.8.0_426\workspace\lpc_board_nxp_lpcxpresso_4337\Debug\liblpc_board_nxp_lpcxpresso_4337.a(board.o)
 .text.Chip_GPIO_SetPinDIROutput
                0x1a00f0dc       0x3c C:\Users\Rishit\Documents\LPCXpresso_7.8.0_426\workspace\lpc_board_nxp_lpcxpresso_4337\Debug\liblpc_board_nxp_lpcxpresso_4337.a(board.o)
 .text.Chip_GPIO_SetPinOutHigh
                0x1a00f118       0x30 C:\Users\Rishit\Documents\LPCXpresso_7.8.0_426\workspace\lpc_board_nxp_lpcxpresso_4337\Debug\liblpc_board_nxp_lpcxpresso_4337.a(board.o)
 .text.Chip_SSP_Enable
                0x1a00f148       0x20 C:\Users\Rishit\Documents\LPCXpresso_7.8.0_426\workspace\lpc_board_nxp_lpcxpresso_4337\Debug\liblpc_board_nxp_lpcxpresso_4337.a(board.o)
 .text.Chip_SSP_SetFormat
                0x1a00f168       0x30 C:\Users\Rishit\Documents\LPCXpresso_7.8.0_426\workspace\lpc_board_nxp_lpcxpresso_4337\Debug\liblpc_board_nxp_lpcxpresso_4337.a(board.o)
 .text.Chip_SSP_Set_Mode
                0x1a00f198       0x24 C:\Users\Rishit\Documents\LPCXpresso_7.8.0_426\workspace\lpc_board_nxp_lpcxpresso_4337\Debug\liblpc_board_nxp_lpcxpresso_4337.a(board.o)
 .text.Chip_UART_TXEnable
                0x1a00f1bc       0x18 C:\Users\Rishit\Documents\LPCXpresso_7.8.0_426\workspace\lpc_board_nxp_lpcxpresso_4337\Debug\liblpc_board_nxp_lpcxpresso_4337.a(board.o)
 .text.Chip_UART_SendByte
                0x1a00f1d4       0x1c C:\Users\Rishit\Documents\LPCXpresso_7.8.0_426\workspace\lpc_board_nxp_lpcxpresso_4337\Debug\liblpc_board_nxp_lpcxpresso_4337.a(board.o)
 .text.Chip_UART_ConfigData
                0x1a00f1f0       0x1c C:\Users\Rishit\Documents\LPCXpresso_7.8.0_426\workspace\lpc_board_nxp_lpcxpresso_4337\Debug\liblpc_board_nxp_lpcxpresso_4337.a(board.o)
 .text.Chip_UART_ReadLineStatus
                0x1a00f20c       0x18 C:\Users\Rishit\Documents\LPCXpresso_7.8.0_426\workspace\lpc_board_nxp_lpcxpresso_4337\Debug\liblpc_board_nxp_lpcxpresso_4337.a(board.o)
 .text.__sys_write
                0x1a00f224       0x38 C:\Users\Rishit\Documents\LPCXpresso_7.8.0_426\workspace\lpc_board_nxp_lpcxpresso_4337\Debug\liblpc_board_nxp_lpcxpresso_4337.a(board.o)
                0x1a00f224                __sys_write
 .text.Board_UART_Init
                0x1a00f25c       0x24 C:\Users\Rishit\Documents\LPCXpresso_7.8.0_426\workspace\lpc_board_nxp_lpcxpresso_4337\Debug\liblpc_board_nxp_lpcxpresso_4337.a(board.o)
                0x1a00f25c                Board_UART_Init
 .text.Board_Debug_Init
                0x1a00f280       0x30 C:\Users\Rishit\Documents\LPCXpresso_7.8.0_426\workspace\lpc_board_nxp_lpcxpresso_4337\Debug\liblpc_board_nxp_lpcxpresso_4337.a(board.o)
                0x1a00f280                Board_Debug_Init
 .text.Board_UARTPutChar
                0x1a00f2b0       0x30 C:\Users\Rishit\Documents\LPCXpresso_7.8.0_426\workspace\lpc_board_nxp_lpcxpresso_4337\Debug\liblpc_board_nxp_lpcxpresso_4337.a(board.o)
                0x1a00f2b0                Board_UARTPutChar
 .text.Board_UARTPutSTR
                0x1a00f2e0       0x28 C:\Users\Rishit\Documents\LPCXpresso_7.8.0_426\workspace\lpc_board_nxp_lpcxpresso_4337\Debug\liblpc_board_nxp_lpcxpresso_4337.a(board.o)
                0x1a00f2e0                Board_UARTPutSTR
 .text.Board_LED_Init
                0x1a00f308       0x5c C:\Users\Rishit\Documents\LPCXpresso_7.8.0_426\workspace\lpc_board_nxp_lpcxpresso_4337\Debug\liblpc_board_nxp_lpcxpresso_4337.a(board.o)
 .text.Board_LED_Set
                0x1a00f364       0x44 C:\Users\Rishit\Documents\LPCXpresso_7.8.0_426\workspace\lpc_board_nxp_lpcxpresso_4337\Debug\liblpc_board_nxp_lpcxpresso_4337.a(board.o)
                0x1a00f364                Board_LED_Set
 .text.Board_ENET_GetMacADDR
                0x1a00f3a8       0x30 C:\Users\Rishit\Documents\LPCXpresso_7.8.0_426\workspace\lpc_board_nxp_lpcxpresso_4337\Debug\liblpc_board_nxp_lpcxpresso_4337.a(board.o)
                0x1a00f3a8                Board_ENET_GetMacADDR
 .text.Board_Init
                0x1a00f3d8       0x24 C:\Users\Rishit\Documents\LPCXpresso_7.8.0_426\workspace\lpc_board_nxp_lpcxpresso_4337\Debug\liblpc_board_nxp_lpcxpresso_4337.a(board.o)
                0x1a00f3d8                Board_Init
 .text.Board_SDMMC_Init
                0x1a00f3fc       0x4c C:\Users\Rishit\Documents\LPCXpresso_7.8.0_426\workspace\lpc_board_nxp_lpcxpresso_4337\Debug\liblpc_board_nxp_lpcxpresso_4337.a(board.o)
                0x1a00f3fc                Board_SDMMC_Init
 .text.Board_SSP_Init
                0x1a00f448       0x48 C:\Users\Rishit\Documents\LPCXpresso_7.8.0_426\workspace\lpc_board_nxp_lpcxpresso_4337\Debug\liblpc_board_nxp_lpcxpresso_4337.a(board.o)
                0x1a00f448                Board_SSP_Init
 .text.Board_LCD_Init
                0x1a00f490       0x80 C:\Users\Rishit\Documents\LPCXpresso_7.8.0_426\workspace\lpc_board_nxp_lpcxpresso_4337\Debug\liblpc_board_nxp_lpcxpresso_4337.a(board.o)
                0x1a00f490                Board_LCD_Init
 .text.Board_LCD_WriteData
                0x1a00f510       0x3c C:\Users\Rishit\Documents\LPCXpresso_7.8.0_426\workspace\lpc_board_nxp_lpcxpresso_4337\Debug\liblpc_board_nxp_lpcxpresso_4337.a(board.o)
                0x1a00f510                Board_LCD_WriteData
 .text.Chip_SCU_PinMuxSet
                0x1a00f54c       0x30 C:\Users\Rishit\Documents\LPCXpresso_7.8.0_426\workspace\lpc_board_nxp_lpcxpresso_4337\Debug\liblpc_board_nxp_lpcxpresso_4337.a(board_sysinit.o)
 .text.Chip_SCU_SetPinMuxing
                0x1a00f57c       0x48 C:\Users\Rishit\Documents\LPCXpresso_7.8.0_426\workspace\lpc_board_nxp_lpcxpresso_4337\Debug\liblpc_board_nxp_lpcxpresso_4337.a(board_sysinit.o)
 .text.Chip_CREG_SetFlashAcceleration
                0x1a00f5c4       0x54 C:\Users\Rishit\Documents\LPCXpresso_7.8.0_426\workspace\lpc_board_nxp_lpcxpresso_4337\Debug\liblpc_board_nxp_lpcxpresso_4337.a(board_sysinit.o)
 .text.Board_SetupMuxing
                0x1a00f618       0x14 C:\Users\Rishit\Documents\LPCXpresso_7.8.0_426\workspace\lpc_board_nxp_lpcxpresso_4337\Debug\liblpc_board_nxp_lpcxpresso_4337.a(board_sysinit.o)
                0x1a00f618                Board_SetupMuxing
 .text.Board_SetupClocking
                0x1a00f62c       0x80 C:\Users\Rishit\Documents\LPCXpresso_7.8.0_426\workspace\lpc_board_nxp_lpcxpresso_4337\Debug\liblpc_board_nxp_lpcxpresso_4337.a(board_sysinit.o)
                0x1a00f62c                Board_SetupClocking
 .text.Board_SystemInit
                0x1a00f6ac       0x10 C:\Users\Rishit\Documents\LPCXpresso_7.8.0_426\workspace\lpc_board_nxp_lpcxpresso_4337\Debug\liblpc_board_nxp_lpcxpresso_4337.a(board_sysinit.o)
                0x1a00f6ac                Board_SystemInit
 .text.Chip_GPIO_SetPinOutHigh
                0x1a00f6bc       0x30 C:\Users\Rishit\Documents\LPCXpresso_7.8.0_426\workspace\lpc_board_nxp_lpcxpresso_4337\Debug\liblpc_board_nxp_lpcxpresso_4337.a(lcd_st7565s.o)
 .text.Chip_GPIO_SetPinOutLow
                0x1a00f6ec       0x30 C:\Users\Rishit\Documents\LPCXpresso_7.8.0_426\workspace\lpc_board_nxp_lpcxpresso_4337\Debug\liblpc_board_nxp_lpcxpresso_4337.a(lcd_st7565s.o)
 .text.LCD_WriteCmd
                0x1a00f71c       0x34 C:\Users\Rishit\Documents\LPCXpresso_7.8.0_426\workspace\lpc_board_nxp_lpcxpresso_4337\Debug\liblpc_board_nxp_lpcxpresso_4337.a(lcd_st7565s.o)
 .text.LCD_SetRAMAddr
                0x1a00f750       0x44 C:\Users\Rishit\Documents\LPCXpresso_7.8.0_426\workspace\lpc_board_nxp_lpcxpresso_4337\Debug\liblpc_board_nxp_lpcxpresso_4337.a(lcd_st7565s.o)
 .text.LCD_GetCharWidth
                0x1a00f794       0x3c C:\Users\Rishit\Documents\LPCXpresso_7.8.0_426\workspace\lpc_board_nxp_lpcxpresso_4337\Debug\liblpc_board_nxp_lpcxpresso_4337.a(lcd_st7565s.o)
 .text.LCD_Init
                0x1a00f7d0       0x70 C:\Users\Rishit\Documents\LPCXpresso_7.8.0_426\workspace\lpc_board_nxp_lpcxpresso_4337\Debug\liblpc_board_nxp_lpcxpresso_4337.a(lcd_st7565s.o)
                0x1a00f7d0                LCD_Init
 .text.LCD_Refresh
                0x1a00f840       0x88 C:\Users\Rishit\Documents\LPCXpresso_7.8.0_426\workspace\lpc_board_nxp_lpcxpresso_4337\Debug\liblpc_board_nxp_lpcxpresso_4337.a(lcd_st7565s.o)
                0x1a00f840                LCD_Refresh
 .text.LCD_SetPixel
                0x1a00f8c8       0xac C:\Users\Rishit\Documents\LPCXpresso_7.8.0_426\workspace\lpc_board_nxp_lpcxpresso_4337\Debug\liblpc_board_nxp_lpcxpresso_4337.a(lcd_st7565s.o)
                0x1a00f8c8                LCD_SetPixel
 .text.LCD_DrawRect
                0x1a00f974       0x74 C:\Users\Rishit\Documents\LPCXpresso_7.8.0_426\workspace\lpc_board_nxp_lpcxpresso_4337\Debug\liblpc_board_nxp_lpcxpresso_4337.a(lcd_st7565s.o)
                0x1a00f974                LCD_DrawRect
 .text.LCD_SetFontColor
                0x1a00f9e8       0x20 C:\Users\Rishit\Documents\LPCXpresso_7.8.0_426\workspace\lpc_board_nxp_lpcxpresso_4337\Debug\liblpc_board_nxp_lpcxpresso_4337.a(lcd_st7565s.o)
                0x1a00f9e8                LCD_SetFontColor
 .text.LCD_SetFontBgColor
                0x1a00fa08       0x20 C:\Users\Rishit\Documents\LPCXpresso_7.8.0_426\workspace\lpc_board_nxp_lpcxpresso_4337\Debug\liblpc_board_nxp_lpcxpresso_4337.a(lcd_st7565s.o)
                0x1a00fa08                LCD_SetFontBgColor
 .text.LCD_SetFont
                0x1a00fa28       0x20 C:\Users\Rishit\Documents\LPCXpresso_7.8.0_426\workspace\lpc_board_nxp_lpcxpresso_4337\Debug\liblpc_board_nxp_lpcxpresso_4337.a(lcd_st7565s.o)
                0x1a00fa28                LCD_SetFont
 .text.LCD_PutCharXY
                0x1a00fa48      0x12c C:\Users\Rishit\Documents\LPCXpresso_7.8.0_426\workspace\lpc_board_nxp_lpcxpresso_4337\Debug\liblpc_board_nxp_lpcxpresso_4337.a(lcd_st7565s.o)
                0x1a00fa48                LCD_PutCharXY
 .text.LCD_PutStrXY
                0x1a00fb74       0x40 C:\Users\Rishit\Documents\LPCXpresso_7.8.0_426\workspace\lpc_board_nxp_lpcxpresso_4337\Debug\liblpc_board_nxp_lpcxpresso_4337.a(lcd_st7565s.o)
                0x1a00fb74                LCD_PutStrXY
 .text.Chip_ENET_IsMIIBusy
                0x1a00fbb4       0x28 C:\Users\Rishit\Documents\LPCXpresso_7.8.0_426\workspace\lpc_board_nxp_lpcxpresso_4337\Debug\liblpc_board_nxp_lpcxpresso_4337.a(lpc_phy_smsc87x0.o)
 .text.Chip_ENET_ReadMIIData
                0x1a00fbdc       0x1c C:\Users\Rishit\Documents\LPCXpresso_7.8.0_426\workspace\lpc_board_nxp_lpcxpresso_4337\Debug\liblpc_board_nxp_lpcxpresso_4337.a(lpc_phy_smsc87x0.o)
 .text.lpc_mii_write
                0x1a00fbf8       0x64 C:\Users\Rishit\Documents\LPCXpresso_7.8.0_426\workspace\lpc_board_nxp_lpcxpresso_4337\Debug\liblpc_board_nxp_lpcxpresso_4337.a(lpc_phy_smsc87x0.o)
 .text.lpc_mii_read
                0x1a00fc5c       0x70 C:\Users\Rishit\Documents\LPCXpresso_7.8.0_426\workspace\lpc_board_nxp_lpcxpresso_4337\Debug\liblpc_board_nxp_lpcxpresso_4337.a(lpc_phy_smsc87x0.o)
 .text.smsc_update_phy_sts
                0x1a00fccc       0xe8 C:\Users\Rishit\Documents\LPCXpresso_7.8.0_426\workspace\lpc_board_nxp_lpcxpresso_4337\Debug\liblpc_board_nxp_lpcxpresso_4337.a(lpc_phy_smsc87x0.o)
 .text.lpc_phy_init
                0x1a00fdb4       0xac C:\Users\Rishit\Documents\LPCXpresso_7.8.0_426\workspace\lpc_board_nxp_lpcxpresso_4337\Debug\liblpc_board_nxp_lpcxpresso_4337.a(lpc_phy_smsc87x0.o)
                0x1a00fdb4                lpc_phy_init
 .text.lpcPHYStsPoll
                0x1a00fe60       0xc0 C:\Users\Rishit\Documents\LPCXpresso_7.8.0_426\workspace\lpc_board_nxp_lpcxpresso_4337\Debug\liblpc_board_nxp_lpcxpresso_4337.a(lpc_phy_smsc87x0.o)
                0x1a00fe60                lpcPHYStsPoll
 .text.SystemCoreClockUpdate
                0x1a00ff20       0x18 C:\Users\Rishit\Documents\LPCXpresso_7.8.0_426\workspace\lpc_chip_43xx\Debug\liblpc_chip_43xx.a(chip_18xx_43xx.o)
                0x1a00ff20                SystemCoreClockUpdate
 .text.ABS      0x1a00ff38       0x24 C:\Users\Rishit\Documents\LPCXpresso_7.8.0_426\workspace\lpc_chip_43xx\Debug\liblpc_chip_43xx.a(clock_18xx_43xx.o)
 .text.pll_calc_divs
                0x1a00ff5c      0x11c C:\Users\Rishit\Documents\LPCXpresso_7.8.0_426\workspace\lpc_chip_43xx\Debug\liblpc_chip_43xx.a(clock_18xx_43xx.o)
 .text.pll_get_frac
                0x1a010078      0x178 C:\Users\Rishit\Documents\LPCXpresso_7.8.0_426\workspace\lpc_chip_43xx\Debug\liblpc_chip_43xx.a(clock_18xx_43xx.o)
 .text.Chip_Clock_GetDivRate
                0x1a0101f0       0x40 C:\Users\Rishit\Documents\LPCXpresso_7.8.0_426\workspace\lpc_chip_43xx\Debug\liblpc_chip_43xx.a(clock_18xx_43xx.o)
 .text.Chip_Clock_FindBaseClock
                0x1a010230       0x88 C:\Users\Rishit\Documents\LPCXpresso_7.8.0_426\workspace\lpc_chip_43xx\Debug\liblpc_chip_43xx.a(clock_18xx_43xx.o)
 .text.Chip_Clock_EnableCrystal
                0x1a0102b8       0x6c C:\Users\Rishit\Documents\LPCXpresso_7.8.0_426\workspace\lpc_chip_43xx\Debug\liblpc_chip_43xx.a(clock_18xx_43xx.o)
                0x1a0102b8                Chip_Clock_EnableCrystal
 .text.Chip_Clock_CalcMainPLLValue
                0x1a010324       0xd8 C:\Users\Rishit\Documents\LPCXpresso_7.8.0_426\workspace\lpc_chip_43xx\Debug\liblpc_chip_43xx.a(clock_18xx_43xx.o)
                0x1a010324                Chip_Clock_CalcMainPLLValue
 .text.Chip_Clock_GetMainPLLHz
                0x1a0103fc       0xc0 C:\Users\Rishit\Documents\LPCXpresso_7.8.0_426\workspace\lpc_chip_43xx\Debug\liblpc_chip_43xx.a(clock_18xx_43xx.o)
                0x1a0103fc                Chip_Clock_GetMainPLLHz
 .text.Chip_Clock_GetDividerSource
                0x1a0104bc       0x40 C:\Users\Rishit\Documents\LPCXpresso_7.8.0_426\workspace\lpc_chip_43xx\Debug\liblpc_chip_43xx.a(clock_18xx_43xx.o)
                0x1a0104bc                Chip_Clock_GetDividerSource
 .text.Chip_Clock_GetDividerDivisor
                0x1a0104fc       0x38 C:\Users\Rishit\Documents\LPCXpresso_7.8.0_426\workspace\lpc_chip_43xx\Debug\liblpc_chip_43xx.a(clock_18xx_43xx.o)
                0x1a0104fc                Chip_Clock_GetDividerDivisor
 .text.Chip_Clock_GetClockInputHz
                0x1a010534      0x140 C:\Users\Rishit\Documents\LPCXpresso_7.8.0_426\workspace\lpc_chip_43xx\Debug\liblpc_chip_43xx.a(clock_18xx_43xx.o)
                0x1a010534                Chip_Clock_GetClockInputHz
 .text.Chip_Clock_GetBaseClocktHz
                0x1a010674       0x24 C:\Users\Rishit\Documents\LPCXpresso_7.8.0_426\workspace\lpc_chip_43xx\Debug\liblpc_chip_43xx.a(clock_18xx_43xx.o)
                0x1a010674                Chip_Clock_GetBaseClocktHz
 .text.Chip_Clock_SetBaseClock
                0x1a010698       0x9c C:\Users\Rishit\Documents\LPCXpresso_7.8.0_426\workspace\lpc_chip_43xx\Debug\liblpc_chip_43xx.a(clock_18xx_43xx.o)
                0x1a010698                Chip_Clock_SetBaseClock
 .text.Chip_Clock_GetBaseClock
                0x1a010734       0x4c C:\Users\Rishit\Documents\LPCXpresso_7.8.0_426\workspace\lpc_chip_43xx\Debug\liblpc_chip_43xx.a(clock_18xx_43xx.o)
                0x1a010734                Chip_Clock_GetBaseClock
 .text.Chip_Clock_EnableOpts
                0x1a010780       0x7c C:\Users\Rishit\Documents\LPCXpresso_7.8.0_426\workspace\lpc_chip_43xx\Debug\liblpc_chip_43xx.a(clock_18xx_43xx.o)
                0x1a010780                Chip_Clock_EnableOpts
 .text.Chip_Clock_Enable
                0x1a0107fc       0x60 C:\Users\Rishit\Documents\LPCXpresso_7.8.0_426\workspace\lpc_chip_43xx\Debug\liblpc_chip_43xx.a(clock_18xx_43xx.o)
                0x1a0107fc                Chip_Clock_Enable
 .text.Chip_Clock_RTCEnable
                0x1a01085c       0x28 C:\Users\Rishit\Documents\LPCXpresso_7.8.0_426\workspace\lpc_chip_43xx\Debug\liblpc_chip_43xx.a(clock_18xx_43xx.o)
                0x1a01085c                Chip_Clock_RTCEnable
 .text.Chip_Clock_GetRate
                0x1a010884       0x88 C:\Users\Rishit\Documents\LPCXpresso_7.8.0_426\workspace\lpc_chip_43xx\Debug\liblpc_chip_43xx.a(clock_18xx_43xx.o)
                0x1a010884                Chip_Clock_GetRate
 .text.Chip_RGU_TriggerReset
                0x1a01090c       0x38 C:\Users\Rishit\Documents\LPCXpresso_7.8.0_426\workspace\lpc_chip_43xx\Debug\liblpc_chip_43xx.a(enet_18xx_43xx.o)
 .text.Chip_RGU_InReset
                0x1a010944       0x40 C:\Users\Rishit\Documents\LPCXpresso_7.8.0_426\workspace\lpc_chip_43xx\Debug\liblpc_chip_43xx.a(enet_18xx_43xx.o)
 .text.Chip_ENET_Reset
                0x1a010984       0x28 C:\Users\Rishit\Documents\LPCXpresso_7.8.0_426\workspace\lpc_chip_43xx\Debug\liblpc_chip_43xx.a(enet_18xx_43xx.o)
 .text.reset    0x1a0109ac       0x28 C:\Users\Rishit\Documents\LPCXpresso_7.8.0_426\workspace\lpc_chip_43xx\Debug\liblpc_chip_43xx.a(enet_18xx_43xx.o)
 .text.Chip_ENET_CalcMDCClock
                0x1a0109d4       0x8c C:\Users\Rishit\Documents\LPCXpresso_7.8.0_426\workspace\lpc_chip_43xx\Debug\liblpc_chip_43xx.a(enet_18xx_43xx.o)
 .text.Chip_ENET_Init
                0x1a010a60       0x9c C:\Users\Rishit\Documents\LPCXpresso_7.8.0_426\workspace\lpc_chip_43xx\Debug\liblpc_chip_43xx.a(enet_18xx_43xx.o)
                0x1a010a60                Chip_ENET_Init
 .text.Chip_ENET_SetupMII
                0x1a010afc       0x2c C:\Users\Rishit\Documents\LPCXpresso_7.8.0_426\workspace\lpc_chip_43xx\Debug\liblpc_chip_43xx.a(enet_18xx_43xx.o)
                0x1a010afc                Chip_ENET_SetupMII
 .text.Chip_ENET_StartMIIWrite
                0x1a010b28       0x44 C:\Users\Rishit\Documents\LPCXpresso_7.8.0_426\workspace\lpc_chip_43xx\Debug\liblpc_chip_43xx.a(enet_18xx_43xx.o)
                0x1a010b28                Chip_ENET_StartMIIWrite
 .text.Chip_ENET_StartMIIRead
                0x1a010b6c       0x38 C:\Users\Rishit\Documents\LPCXpresso_7.8.0_426\workspace\lpc_chip_43xx\Debug\liblpc_chip_43xx.a(enet_18xx_43xx.o)
                0x1a010b6c                Chip_ENET_StartMIIRead
 .text.Chip_ENET_SetDuplex
                0x1a010ba4       0x38 C:\Users\Rishit\Documents\LPCXpresso_7.8.0_426\workspace\lpc_chip_43xx\Debug\liblpc_chip_43xx.a(enet_18xx_43xx.o)
                0x1a010ba4                Chip_ENET_SetDuplex
 .text.Chip_ENET_SetSpeed
                0x1a010bdc       0x38 C:\Users\Rishit\Documents\LPCXpresso_7.8.0_426\workspace\lpc_chip_43xx\Debug\liblpc_chip_43xx.a(enet_18xx_43xx.o)
                0x1a010bdc                Chip_ENET_SetSpeed
 .text.fpuInit  0x1a010c14       0x74 C:\Users\Rishit\Documents\LPCXpresso_7.8.0_426\workspace\lpc_chip_43xx\Debug\liblpc_chip_43xx.a(fpu_init.o)
                0x1a010c14                fpuInit
 .text.Chip_GPIO_Init
                0x1a010c88       0x14 C:\Users\Rishit\Documents\LPCXpresso_7.8.0_426\workspace\lpc_chip_43xx\Debug\liblpc_chip_43xx.a(gpio_18xx_43xx.o)
                0x1a010c88                Chip_GPIO_Init
 .text.Chip_RTC_Init
                0x1a010c9c       0x60 C:\Users\Rishit\Documents\LPCXpresso_7.8.0_426\workspace\lpc_chip_43xx\Debug\liblpc_chip_43xx.a(rtc_18xx_43xx.o)
                0x1a010c9c                Chip_RTC_Init
 .text.Chip_RTC_ResetClockTickCounter
                0x1a010cfc       0x48 C:\Users\Rishit\Documents\LPCXpresso_7.8.0_426\workspace\lpc_chip_43xx\Debug\liblpc_chip_43xx.a(rtc_18xx_43xx.o)
                0x1a010cfc                Chip_RTC_ResetClockTickCounter
 .text.Chip_RTC_Enable
                0x1a010d44       0x38 C:\Users\Rishit\Documents\LPCXpresso_7.8.0_426\workspace\lpc_chip_43xx\Debug\liblpc_chip_43xx.a(rtc_18xx_43xx.o)
                0x1a010d44                Chip_RTC_Enable
 .text.Chip_RTC_GetFullTime
                0x1a010d7c       0x58 C:\Users\Rishit\Documents\LPCXpresso_7.8.0_426\workspace\lpc_chip_43xx\Debug\liblpc_chip_43xx.a(rtc_18xx_43xx.o)
                0x1a010d7c                Chip_RTC_GetFullTime
 .text.Chip_RTC_SetFullAlarmTime
                0x1a010dd4       0x38 C:\Users\Rishit\Documents\LPCXpresso_7.8.0_426\workspace\lpc_chip_43xx\Debug\liblpc_chip_43xx.a(rtc_18xx_43xx.o)
                0x1a010dd4                Chip_RTC_SetFullAlarmTime
 .text.Chip_RTC_CalibCounterCmd
                0x1a010e0c       0x44 C:\Users\Rishit\Documents\LPCXpresso_7.8.0_426\workspace\lpc_chip_43xx\Debug\liblpc_chip_43xx.a(rtc_18xx_43xx.o)
                0x1a010e0c                Chip_RTC_CalibCounterCmd
 .text.Chip_SDIF_Init
                0x1a010e50       0x78 C:\Users\Rishit\Documents\LPCXpresso_7.8.0_426\workspace\lpc_chip_43xx\Debug\liblpc_chip_43xx.a(sdif_18xx_43xx.o)
                0x1a010e50                Chip_SDIF_Init
 .text.Chip_SDIF_SendCmd
                0x1a010ec8       0x70 C:\Users\Rishit\Documents\LPCXpresso_7.8.0_426\workspace\lpc_chip_43xx\Debug\liblpc_chip_43xx.a(sdif_18xx_43xx.o)
                0x1a010ec8                Chip_SDIF_SendCmd
 .text.Chip_SDIF_GetResponse
                0x1a010f38       0x3c C:\Users\Rishit\Documents\LPCXpresso_7.8.0_426\workspace\lpc_chip_43xx\Debug\liblpc_chip_43xx.a(sdif_18xx_43xx.o)
                0x1a010f38                Chip_SDIF_GetResponse
 .text.Chip_SDIF_SetClock
                0x1a010f74       0x70 C:\Users\Rishit\Documents\LPCXpresso_7.8.0_426\workspace\lpc_chip_43xx\Debug\liblpc_chip_43xx.a(sdif_18xx_43xx.o)
                0x1a010f74                Chip_SDIF_SetClock
 .text.Chip_SDIF_SetClearIntFifo
                0x1a010fe4       0x34 C:\Users\Rishit\Documents\LPCXpresso_7.8.0_426\workspace\lpc_chip_43xx\Debug\liblpc_chip_43xx.a(sdif_18xx_43xx.o)
                0x1a010fe4                Chip_SDIF_SetClearIntFifo
 .text.Chip_SDIF_DmaSetup
                0x1a011018       0xdc C:\Users\Rishit\Documents\LPCXpresso_7.8.0_426\workspace\lpc_chip_43xx\Debug\liblpc_chip_43xx.a(sdif_18xx_43xx.o)
                0x1a011018                Chip_SDIF_DmaSetup
 .text.Chip_SDIF_SetBlkSize
                0x1a0110f4       0x1c C:\Users\Rishit\Documents\LPCXpresso_7.8.0_426\workspace\lpc_chip_43xx\Debug\liblpc_chip_43xx.a(sdmmc_18xx_43xx.o)
 .text.Chip_SDIF_SetCardType
                0x1a011110       0x1c C:\Users\Rishit\Documents\LPCXpresso_7.8.0_426\workspace\lpc_chip_43xx\Debug\liblpc_chip_43xx.a(sdmmc_18xx_43xx.o)
 .text.Chip_SDIF_ClrIntStatus
                0x1a01112c       0x1c C:\Users\Rishit\Documents\LPCXpresso_7.8.0_426\workspace\lpc_chip_43xx\Debug\liblpc_chip_43xx.a(sdmmc_18xx_43xx.o)
 .text.Chip_SDIF_SetBlkSizeByteCnt
                0x1a011148       0x20 C:\Users\Rishit\Documents\LPCXpresso_7.8.0_426\workspace\lpc_chip_43xx\Debug\liblpc_chip_43xx.a(sdmmc_18xx_43xx.o)
 .text.Chip_SDIF_SetByteCnt
                0x1a011168       0x1c C:\Users\Rishit\Documents\LPCXpresso_7.8.0_426\workspace\lpc_chip_43xx\Debug\liblpc_chip_43xx.a(sdmmc_18xx_43xx.o)
 .text.sdmmc_execute_command
                0x1a011184      0x23c C:\Users\Rishit\Documents\LPCXpresso_7.8.0_426\workspace\lpc_chip_43xx\Debug\liblpc_chip_43xx.a(sdmmc_18xx_43xx.o)
 .text.prv_card_acquired
                0x1a0113c0       0x24 C:\Users\Rishit\Documents\LPCXpresso_7.8.0_426\workspace\lpc_chip_43xx\Debug\liblpc_chip_43xx.a(sdmmc_18xx_43xx.o)
 .text.prv_get_bits
                0x1a0113e4       0x88 C:\Users\Rishit\Documents\LPCXpresso_7.8.0_426\workspace\lpc_chip_43xx\Debug\liblpc_chip_43xx.a(sdmmc_18xx_43xx.o)
 .text.prv_process_csd
                0x1a01146c      0x1f4 C:\Users\Rishit\Documents\LPCXpresso_7.8.0_426\workspace\lpc_chip_43xx\Debug\liblpc_chip_43xx.a(sdmmc_18xx_43xx.o)
 .text.prv_set_trans_state
                0x1a011660       0x94 C:\Users\Rishit\Documents\LPCXpresso_7.8.0_426\workspace\lpc_chip_43xx\Debug\liblpc_chip_43xx.a(sdmmc_18xx_43xx.o)
 .text.prv_set_card_params
                0x1a0116f4       0x78 C:\Users\Rishit\Documents\LPCXpresso_7.8.0_426\workspace\lpc_chip_43xx\Debug\liblpc_chip_43xx.a(sdmmc_18xx_43xx.o)
 .text.Chip_SDMMC_GetState
                0x1a01176c       0x50 C:\Users\Rishit\Documents\LPCXpresso_7.8.0_426\workspace\lpc_chip_43xx\Debug\liblpc_chip_43xx.a(sdmmc_18xx_43xx.o)
                0x1a01176c                Chip_SDMMC_GetState
 .text.Chip_SDMMC_Acquire
                0x1a0117bc      0x39c C:\Users\Rishit\Documents\LPCXpresso_7.8.0_426\workspace\lpc_chip_43xx\Debug\liblpc_chip_43xx.a(sdmmc_18xx_43xx.o)
                0x1a0117bc                Chip_SDMMC_Acquire
 .text.Chip_SDMMC_ReadBlocks
                0x1a011b58       0xd4 C:\Users\Rishit\Documents\LPCXpresso_7.8.0_426\workspace\lpc_chip_43xx\Debug\liblpc_chip_43xx.a(sdmmc_18xx_43xx.o)
                0x1a011b58                Chip_SDMMC_ReadBlocks
 .text.Chip_SDMMC_WriteBlocks
                0x1a011c2c       0xdc C:\Users\Rishit\Documents\LPCXpresso_7.8.0_426\workspace\lpc_chip_43xx\Debug\liblpc_chip_43xx.a(sdmmc_18xx_43xx.o)
                0x1a011c2c                Chip_SDMMC_WriteBlocks
 .text.Chip_SSP_GetStatus
                0x1a011d08       0x2c C:\Users\Rishit\Documents\LPCXpresso_7.8.0_426\workspace\lpc_chip_43xx\Debug\liblpc_chip_43xx.a(ssp_18xx_43xx.o)
 .text.Chip_SSP_GetRawIntStatus
                0x1a011d34       0x2c C:\Users\Rishit\Documents\LPCXpresso_7.8.0_426\workspace\lpc_chip_43xx\Debug\liblpc_chip_43xx.a(ssp_18xx_43xx.o)
 .text.Chip_SSP_GetDataSize
                0x1a011d60       0x20 C:\Users\Rishit\Documents\LPCXpresso_7.8.0_426\workspace\lpc_chip_43xx\Debug\liblpc_chip_43xx.a(ssp_18xx_43xx.o)
 .text.Chip_SSP_ClearIntPending
                0x1a011d80       0x1c C:\Users\Rishit\Documents\LPCXpresso_7.8.0_426\workspace\lpc_chip_43xx\Debug\liblpc_chip_43xx.a(ssp_18xx_43xx.o)
 .text.Chip_SSP_ReceiveFrame
                0x1a011d9c       0x1c C:\Users\Rishit\Documents\LPCXpresso_7.8.0_426\workspace\lpc_chip_43xx\Debug\liblpc_chip_43xx.a(ssp_18xx_43xx.o)
 .text.Chip_SSP_SendFrame
                0x1a011db8       0x1c C:\Users\Rishit\Documents\LPCXpresso_7.8.0_426\workspace\lpc_chip_43xx\Debug\liblpc_chip_43xx.a(ssp_18xx_43xx.o)
 .text.Chip_SSP_SetFormat
                0x1a011dd4       0x30 C:\Users\Rishit\Documents\LPCXpresso_7.8.0_426\workspace\lpc_chip_43xx\Debug\liblpc_chip_43xx.a(ssp_18xx_43xx.o)
 .text.Chip_SSP_Set_Mode
                0x1a011e04       0x24 C:\Users\Rishit\Documents\LPCXpresso_7.8.0_426\workspace\lpc_chip_43xx\Debug\liblpc_chip_43xx.a(ssp_18xx_43xx.o)
 .text.Chip_SSP_GetClockIndex
                0x1a011e28       0x2c C:\Users\Rishit\Documents\LPCXpresso_7.8.0_426\workspace\lpc_chip_43xx\Debug\liblpc_chip_43xx.a(ssp_18xx_43xx.o)
 .text.Chip_SSP_GetPeriphClockIndex
                0x1a011e54       0x30 C:\Users\Rishit\Documents\LPCXpresso_7.8.0_426\workspace\lpc_chip_43xx\Debug\liblpc_chip_43xx.a(ssp_18xx_43xx.o)
 .text.Chip_SSP_SetClockRate
                0x1a011e84       0x34 C:\Users\Rishit\Documents\LPCXpresso_7.8.0_426\workspace\lpc_chip_43xx\Debug\liblpc_chip_43xx.a(ssp_18xx_43xx.o)
                0x1a011e84                Chip_SSP_SetClockRate
 .text.Chip_SSP_WriteFrames_Blocking
                0x1a011eb8      0x138 C:\Users\Rishit\Documents\LPCXpresso_7.8.0_426\workspace\lpc_chip_43xx\Debug\liblpc_chip_43xx.a(ssp_18xx_43xx.o)
                0x1a011eb8                Chip_SSP_WriteFrames_Blocking
 .text.Chip_SSP_SetBitRate
                0x1a011ff0       0x74 C:\Users\Rishit\Documents\LPCXpresso_7.8.0_426\workspace\lpc_chip_43xx\Debug\liblpc_chip_43xx.a(ssp_18xx_43xx.o)
                0x1a011ff0                Chip_SSP_SetBitRate
 .text.Chip_SSP_Init
                0x1a012064       0x4c C:\Users\Rishit\Documents\LPCXpresso_7.8.0_426\workspace\lpc_chip_43xx\Debug\liblpc_chip_43xx.a(ssp_18xx_43xx.o)
                0x1a012064                Chip_SSP_Init
 .text.Chip_Clock_DisableMainPLL
                0x1a0120b0       0x1c C:\Users\Rishit\Documents\LPCXpresso_7.8.0_426\workspace\lpc_chip_43xx\Debug\liblpc_chip_43xx.a(sysinit_18xx_43xx.o)
 .text.Chip_Clock_SetupMainPLL
                0x1a0120cc       0x40 C:\Users\Rishit\Documents\LPCXpresso_7.8.0_426\workspace\lpc_chip_43xx\Debug\liblpc_chip_43xx.a(sysinit_18xx_43xx.o)
 .text.Chip_Clock_MainPLLLocked
                0x1a01210c       0x24 C:\Users\Rishit\Documents\LPCXpresso_7.8.0_426\workspace\lpc_chip_43xx\Debug\liblpc_chip_43xx.a(sysinit_18xx_43xx.o)
 .text.Chip_SetupCoreClock
                0x1a012130      0x15c C:\Users\Rishit\Documents\LPCXpresso_7.8.0_426\workspace\lpc_chip_43xx\Debug\liblpc_chip_43xx.a(sysinit_18xx_43xx.o)
                0x1a012130                Chip_SetupCoreClock
 .text.Chip_UART_TXDisable
                0x1a01228c       0x18 C:\Users\Rishit\Documents\LPCXpresso_7.8.0_426\workspace\lpc_chip_43xx\Debug\liblpc_chip_43xx.a(uart_18xx_43xx.o)
 .text.Chip_UART_SetupFIFOS
                0x1a0122a4       0x1c C:\Users\Rishit\Documents\LPCXpresso_7.8.0_426\workspace\lpc_chip_43xx\Debug\liblpc_chip_43xx.a(uart_18xx_43xx.o)
 .text.Chip_UART_ConfigData
                0x1a0122c0       0x1c C:\Users\Rishit\Documents\LPCXpresso_7.8.0_426\workspace\lpc_chip_43xx\Debug\liblpc_chip_43xx.a(uart_18xx_43xx.o)
 .text.Chip_UART_EnableDivisorAccess
                0x1a0122dc       0x20 C:\Users\Rishit\Documents\LPCXpresso_7.8.0_426\workspace\lpc_chip_43xx\Debug\liblpc_chip_43xx.a(uart_18xx_43xx.o)
 .text.Chip_UART_DisableDivisorAccess
                0x1a0122fc       0x20 C:\Users\Rishit\Documents\LPCXpresso_7.8.0_426\workspace\lpc_chip_43xx\Debug\liblpc_chip_43xx.a(uart_18xx_43xx.o)
 .text.Chip_UART_SetDivisorLatches
                0x1a01231c       0x28 C:\Users\Rishit\Documents\LPCXpresso_7.8.0_426\workspace\lpc_chip_43xx\Debug\liblpc_chip_43xx.a(uart_18xx_43xx.o)
 .text.Chip_UART_GetIndex
                0x1a012344       0x60 C:\Users\Rishit\Documents\LPCXpresso_7.8.0_426\workspace\lpc_chip_43xx\Debug\liblpc_chip_43xx.a(uart_18xx_43xx.o)
 .text.Chip_UART_Init
                0x1a0123a4       0x84 C:\Users\Rishit\Documents\LPCXpresso_7.8.0_426\workspace\lpc_chip_43xx\Debug\liblpc_chip_43xx.a(uart_18xx_43xx.o)
                0x1a0123a4                Chip_UART_Init
 .text.Chip_UART_SetBaudFDR
                0x1a012428      0x174 C:\Users\Rishit\Documents\LPCXpresso_7.8.0_426\workspace\lpc_chip_43xx\Debug\liblpc_chip_43xx.a(uart_18xx_43xx.o)
                0x1a012428                Chip_UART_SetBaudFDR
 .text.__main   0x1a01259c       0x14 c:/nxp/lpcxpresso_7.8.0_426/lpcxpresso/tools/bin/../lib/gcc/arm-none-eabi/4.9.3/../../../../arm-none-eabi/lib/armv7e-m/softfp\libcr_nohost.a(_cr__main.o)
                0x1a01259c                __main
 .text.memcpy   0x1a0125b0        0x4 c:/nxp/lpcxpresso_7.8.0_426/lpcxpresso/tools/bin/../lib/gcc/arm-none-eabi/4.9.3/../../../../arm-none-eabi/lib/armv7e-m/softfp\libcr_c.a(memcpy.o)
                0x1a0125b0                memcpy
 .text.memset   0x1a0125b4        0x4 c:/nxp/lpcxpresso_7.8.0_426/lpcxpresso/tools/bin/../lib/gcc/arm-none-eabi/4.9.3/../../../../arm-none-eabi/lib/armv7e-m/softfp\libcr_c.a(memset.o)
                0x1a0125b4                memset
 .text.malloc   0x1a0125b8       0xcc c:/nxp/lpcxpresso_7.8.0_426/lpcxpresso/tools/bin/../lib/gcc/arm-none-eabi/4.9.3/../../../../arm-none-eabi/lib/armv7e-m/softfp\libcr_c.a(alloc.o)
                0x1a0125b8                malloc
 .text.free     0x1a012684       0x30 c:/nxp/lpcxpresso_7.8.0_426/lpcxpresso/tools/bin/../lib/gcc/arm-none-eabi/4.9.3/../../../../arm-none-eabi/lib/armv7e-m/softfp\libcr_c.a(alloc.o)
                0x1a012684                free
 .text._Csys_alloc
                0x1a0126b4       0x20 c:/nxp/lpcxpresso_7.8.0_426/lpcxpresso/tools/bin/../lib/gcc/arm-none-eabi/4.9.3/../../../../arm-none-eabi/lib/armv7e-m/softfp\libcr_c.a(alloc.o)
                0x1a0126b4                _Csys_alloc
 .text.fp_round
                0x1a0126d4       0x4c c:/nxp/lpcxpresso_7.8.0_426/lpcxpresso/tools/bin/../lib/gcc/arm-none-eabi/4.9.3/../../../../arm-none-eabi/lib/armv7e-m/softfp\libcr_c.a(fpprintf.o)
 .text.pr_dec.constprop.1
                0x1a012720       0x26 c:/nxp/lpcxpresso_7.8.0_426/lpcxpresso/tools/bin/../lib/gcc/arm-none-eabi/4.9.3/../../../../arm-none-eabi/lib/armv7e-m/softfp\libcr_c.a(fpprintf.o)
 *fill*         0x1a012746        0x2 
 .text.sprintf  0x1a012748       0x6c c:/nxp/lpcxpresso_7.8.0_426/lpcxpresso/tools/bin/../lib/gcc/arm-none-eabi/4.9.3/../../../../arm-none-eabi/lib/armv7e-m/softfp\libcr_c.a(fpprintf.o)
                0x1a012748                sprintf
 *fill*         0x1a0127b4        0x4 
 .text.fp_display
                0x1a0127b8      0x900 c:/nxp/lpcxpresso_7.8.0_426/lpcxpresso/tools/bin/../lib/gcc/arm-none-eabi/4.9.3/../../../../arm-none-eabi/lib/armv7e-m/softfp\libcr_c.a(fpprintf.o)
 .text.vsnprintf
                0x1a0130b8       0x5c c:/nxp/lpcxpresso_7.8.0_426/lpcxpresso/tools/bin/../lib/gcc/arm-none-eabi/4.9.3/../../../../arm-none-eabi/lib/armv7e-m/softfp\libcr_c.a(fpprintf.o)
                0x1a0130b8                vsnprintf
 .text.printf   0x1a013114       0x54 c:/nxp/lpcxpresso_7.8.0_426/lpcxpresso/tools/bin/../lib/gcc/arm-none-eabi/4.9.3/../../../../arm-none-eabi/lib/armv7e-m/softfp\libcr_c.a(fpprintf.o)
                0x1a013114                printf
 .text._initio  0x1a013168       0xa4 c:/nxp/lpcxpresso_7.8.0_426/lpcxpresso/tools/bin/../lib/gcc/arm-none-eabi/4.9.3/../../../../arm-none-eabi/lib/armv7e-m/softfp\libcr_c.a(initio.o)
                0x1a013168                _initio
 .text.memcmp   0x1a01320c       0x44 c:/nxp/lpcxpresso_7.8.0_426/lpcxpresso/tools/bin/../lib/gcc/arm-none-eabi/4.9.3/../../../../arm-none-eabi/lib/armv7e-m/softfp\libcr_c.a(memcmp.o)
                0x1a01320c                memcmp
 .text.__vfprintf
                0x1a013250      0xca0 c:/nxp/lpcxpresso_7.8.0_426/lpcxpresso/tools/bin/../lib/gcc/arm-none-eabi/4.9.3/../../../../arm-none-eabi/lib/armv7e-m/softfp\libcr_c.a(printf.o)
                0x1a013250                __vfprintf
 .text.setvbuf  0x1a013ef0       0x40 c:/nxp/lpcxpresso_7.8.0_426/lpcxpresso/tools/bin/../lib/gcc/arm-none-eabi/4.9.3/../../../../arm-none-eabi/lib/armv7e-m/softfp\libcr_c.a(setvbuf.o)
                0x1a013ef0                setvbuf
 .text.strcat   0x1a013f30       0x1e c:/nxp/lpcxpresso_7.8.0_426/lpcxpresso/tools/bin/../lib/gcc/arm-none-eabi/4.9.3/../../../../arm-none-eabi/lib/armv7e-m/softfp\libcr_c.a(strcat.o)
                0x1a013f30                strcat
 .text.strchr   0x1a013f4e       0x1a c:/nxp/lpcxpresso_7.8.0_426/lpcxpresso/tools/bin/../lib/gcc/arm-none-eabi/4.9.3/../../../../arm-none-eabi/lib/armv7e-m/softfp\libcr_c.a(strchr.o)
                0x1a013f4e                strchr
 .text.strcmp   0x1a013f68       0x46 c:/nxp/lpcxpresso_7.8.0_426/lpcxpresso/tools/bin/../lib/gcc/arm-none-eabi/4.9.3/../../../../arm-none-eabi/lib/armv7e-m/softfp\libcr_c.a(strcmp.o)
                0x1a013f68                strcmp
 .text.strcpy   0x1a013fae       0x42 c:/nxp/lpcxpresso_7.8.0_426/lpcxpresso/tools/bin/../lib/gcc/arm-none-eabi/4.9.3/../../../../arm-none-eabi/lib/armv7e-m/softfp\libcr_c.a(strcpy.o)
                0x1a013fae                strcpy
 .text.strlen   0x1a013ff0       0x4a c:/nxp/lpcxpresso_7.8.0_426/lpcxpresso/tools/bin/../lib/gcc/arm-none-eabi/4.9.3/../../../../arm-none-eabi/lib/armv7e-m/softfp\libcr_c.a(strlen.o)
                0x1a013ff0                strlen
 .text.strncmp  0x1a01403a       0x58 c:/nxp/lpcxpresso_7.8.0_426/lpcxpresso/tools/bin/../lib/gcc/arm-none-eabi/4.9.3/../../../../arm-none-eabi/lib/armv7e-m/softfp\libcr_c.a(strncmp.o)
                0x1a01403a                strncmp
 .text.strrchr  0x1a014092       0x22 c:/nxp/lpcxpresso_7.8.0_426/lpcxpresso/tools/bin/../lib/gcc/arm-none-eabi/4.9.3/../../../../arm-none-eabi/lib/armv7e-m/softfp\libcr_c.a(strrchr.o)
                0x1a014092                strrchr
 .text.strstr   0x1a0140b4       0x1e c:/nxp/lpcxpresso_7.8.0_426/lpcxpresso/tools/bin/../lib/gcc/arm-none-eabi/4.9.3/../../../../arm-none-eabi/lib/armv7e-m/softfp\libcr_c.a(strstr.o)
                0x1a0140b4                strstr
 *fill*         0x1a0140d2        0x2 
 .text._sbrk    0x1a0140d4       0x40 c:/nxp/lpcxpresso_7.8.0_426/lpcxpresso/tools/bin/../lib/gcc/arm-none-eabi/4.9.3/../../../../arm-none-eabi/lib/armv7e-m/softfp\libcr_c.a(_cr_sbrk.o)
                0x1a0140d4                _sbrk
 .text._deferredlazyseek
                0x1a014114       0x44 c:/nxp/lpcxpresso_7.8.0_426/lpcxpresso/tools/bin/../lib/gcc/arm-none-eabi/4.9.3/../../../../arm-none-eabi/lib/armv7e-m/softfp\libcr_c.a(_deferredlazyseek.o)
                0x1a014114                _deferredlazyseek
 .text.__flsbuf
                0x1a014158      0x142 c:/nxp/lpcxpresso_7.8.0_426/lpcxpresso/tools/bin/../lib/gcc/arm-none-eabi/4.9.3/../../../../arm-none-eabi/lib/armv7e-m/softfp\libcr_c.a(_deferredlazyseek.o)
                0x1a014158                __flsbuf
 .text._fdopen  0x1a01429a       0x6a c:/nxp/lpcxpresso_7.8.0_426/lpcxpresso/tools/bin/../lib/gcc/arm-none-eabi/4.9.3/../../../../arm-none-eabi/lib/armv7e-m/softfp\libcr_c.a(_fdopen.o)
                0x1a01429a                _fdopen
 .text._fflush  0x1a014304       0x58 c:/nxp/lpcxpresso_7.8.0_426/lpcxpresso/tools/bin/../lib/gcc/arm-none-eabi/4.9.3/../../../../arm-none-eabi/lib/armv7e-m/softfp\libcr_c.a(_fflush.o)
                0x1a014304                _fflush
 .text._frexpl  0x1a01435c       0x5a c:/nxp/lpcxpresso_7.8.0_426/lpcxpresso/tools/bin/../lib/gcc/arm-none-eabi/4.9.3/../../../../arm-none-eabi/lib/armv7e-m/softfp\libcr_c.a(_frexpl.o)
                0x1a01435c                _frexpl
 *fill*         0x1a0143b6        0x2 
 .text._ldexpl  0x1a0143b8       0x4c c:/nxp/lpcxpresso_7.8.0_426/lpcxpresso/tools/bin/../lib/gcc/arm-none-eabi/4.9.3/../../../../arm-none-eabi/lib/armv7e-m/softfp\libcr_c.a(_ldexpl.o)
                0x1a0143b8                _ldexpl
 .text._Cwritebuf
                0x1a014404       0x68 c:/nxp/lpcxpresso_7.8.0_426/lpcxpresso/tools/bin/../lib/gcc/arm-none-eabi/4.9.3/../../../../arm-none-eabi/lib/armv7e-m/softfp\libcr_c.a(_writebuf.o)
                0x1a014404                _Cwritebuf
 .text.fclose   0x1a01446c       0x6c c:/nxp/lpcxpresso_7.8.0_426/lpcxpresso/tools/bin/../lib/gcc/arm-none-eabi/4.9.3/../../../../arm-none-eabi/lib/armv7e-m/softfp\libcr_c.a(fclose.o)
                0x1a01446c                fclose
 .text.fflush   0x1a0144d8       0x30 c:/nxp/lpcxpresso_7.8.0_426/lpcxpresso/tools/bin/../lib/gcc/arm-none-eabi/4.9.3/../../../../arm-none-eabi/lib/armv7e-m/softfp\libcr_c.a(fflush.o)
                0x1a0144d8                fflush
 .text.fseek    0x1a014508      0x110 c:/nxp/lpcxpresso_7.8.0_426/lpcxpresso/tools/bin/../lib/gcc/arm-none-eabi/4.9.3/../../../../arm-none-eabi/lib/armv7e-m/softfp\libcr_c.a(fseek.o)
                0x1a014508                fseek
 .text.ftell    0x1a014618       0x4c c:/nxp/lpcxpresso_7.8.0_426/lpcxpresso/tools/bin/../lib/gcc/arm-none-eabi/4.9.3/../../../../arm-none-eabi/lib/armv7e-m/softfp\libcr_c.a(ftell.o)
                0x1a014618                ftell
 .text.remove   0x1a014664       0x14 c:/nxp/lpcxpresso_7.8.0_426/lpcxpresso/tools/bin/../lib/gcc/arm-none-eabi/4.9.3/../../../../arm-none-eabi/lib/armv7e-m/softfp\libcr_c.a(remove.o)
                0x1a014664                remove
 .text.__check_heap_overflow
                0x1a014678       0x18 c:/nxp/lpcxpresso_7.8.0_426/lpcxpresso/tools/bin/../lib/gcc/arm-none-eabi/4.9.3/../../../../arm-none-eabi/lib/armv7e-m/softfp\libcr_c.a(_cr_check_heap.o)
                0x1a014678                __check_heap_overflow
 .text._do_fflush
                0x1a014690       0x44 c:/nxp/lpcxpresso_7.8.0_426/lpcxpresso/tools/bin/../lib/gcc/arm-none-eabi/4.9.3/../../../../arm-none-eabi/lib/armv7e-m/softfp\libcr_c.a(_do_fflush.o)
                0x1a014690                _do_fflush
 .text.__aeabi_division_uldivmod
                0x1a0146d4      0x174 c:/nxp/lpcxpresso_7.8.0_426/lpcxpresso/tools/bin/../lib/gcc/arm-none-eabi/4.9.3/armv7e-m/softfp\libcr_eabihelpers.a(division_64.o)
                0x1a0146d4                __aeabi_uldivmod
                0x1a0146d8                __bhs_ldivmod1
 .text.__aeabi_division_idiv0
                0x1a014848        0x2 c:/nxp/lpcxpresso_7.8.0_426/lpcxpresso/tools/bin/../lib/gcc/arm-none-eabi/4.9.3/armv7e-m/softfp\libcr_eabihelpers.a(division_idiv0.o)
                0x1a014848                __aeabi_idiv0
 *fill*         0x1a01484a        0x2 
 .text.__aeabi_dmul
                0x1a01484c      0x110 c:/nxp/lpcxpresso_7.8.0_426/lpcxpresso/tools/bin/../lib/gcc/arm-none-eabi/4.9.3/armv7e-m/softfp\libcr_eabihelpers.a(double.o)
                0x1a01484c                __aeabi_dmul
 .text.__aeabi_ddiv
                0x1a01495c      0x140 c:/nxp/lpcxpresso_7.8.0_426/lpcxpresso/tools/bin/../lib/gcc/arm-none-eabi/4.9.3/armv7e-m/softfp\libcr_eabihelpers.a(double.o)
                0x1a01495c                __aeabi_ddiv
 .text.__aeabi_dsub
                0x1a014a9c      0x1b8 c:/nxp/lpcxpresso_7.8.0_426/lpcxpresso/tools/bin/../lib/gcc/arm-none-eabi/4.9.3/armv7e-m/softfp\libcr_eabihelpers.a(double.o)
                0x1a014a9c                __aeabi_dsub
 .text.__aeabi_dadd
                0x1a014c54      0x128 c:/nxp/lpcxpresso_7.8.0_426/lpcxpresso/tools/bin/../lib/gcc/arm-none-eabi/4.9.3/armv7e-m/softfp\libcr_eabihelpers.a(double.o)
                0x1a014c54                __aeabi_dadd
 .text.__aeabi_d2iz
                0x1a014d7c       0x40 c:/nxp/lpcxpresso_7.8.0_426/lpcxpresso/tools/bin/../lib/gcc/arm-none-eabi/4.9.3/armv7e-m/softfp\libcr_eabihelpers.a(double.o)
                0x1a014d7c                __aeabi_d2iz
 .text.__bhs_ui2d
                0x1a014dbc       0x46 c:/nxp/lpcxpresso_7.8.0_426/lpcxpresso/tools/bin/../lib/gcc/arm-none-eabi/4.9.3/armv7e-m/softfp\libcr_eabihelpers.a(double.o)
                0x1a014dbc                __bhs_ui2d
 .text.__aeabi_i2d
                0x1a014e02       0x10 c:/nxp/lpcxpresso_7.8.0_426/lpcxpresso/tools/bin/../lib/gcc/arm-none-eabi/4.9.3/armv7e-m/softfp\libcr_eabihelpers.a(double.o)
                0x1a014e02                __aeabi_i2d
 .text.__aeabi_dcmpeq
                0x1a014e12       0x30 c:/nxp/lpcxpresso_7.8.0_426/lpcxpresso/tools/bin/../lib/gcc/arm-none-eabi/4.9.3/armv7e-m/softfp\libcr_eabihelpers.a(double.o)
                0x1a014e12                __aeabi_dcmpeq
 .text.__aeabi_dcmplt
                0x1a014e42       0x52 c:/nxp/lpcxpresso_7.8.0_426/lpcxpresso/tools/bin/../lib/gcc/arm-none-eabi/4.9.3/armv7e-m/softfp\libcr_eabihelpers.a(double.o)
                0x1a014e42                __aeabi_dcmplt
 .text.__aeabi_dcmple
                0x1a014e94       0x54 c:/nxp/lpcxpresso_7.8.0_426/lpcxpresso/tools/bin/../lib/gcc/arm-none-eabi/4.9.3/armv7e-m/softfp\libcr_eabihelpers.a(double.o)
                0x1a014e94                __aeabi_dcmple
 .text.__aeabi_dcmpge
                0x1a014ee8       0x54 c:/nxp/lpcxpresso_7.8.0_426/lpcxpresso/tools/bin/../lib/gcc/arm-none-eabi/4.9.3/armv7e-m/softfp\libcr_eabihelpers.a(double.o)
                0x1a014ee8                __aeabi_dcmpge
 .text.__aeabi_memcpy
                0x1a014f3c       0x34 c:/nxp/lpcxpresso_7.8.0_426/lpcxpresso/tools/bin/../lib/gcc/arm-none-eabi/4.9.3/armv7e-m/softfp\libcr_eabihelpers.a(memcpy.o)
                0x1a014f3c                __aeabi_memcpy
                0x1a014f46                __aeabi_memcpy8
                0x1a014f46                __aeabi_memcpy4
 .text.__aeabi_memset_lowlevel
                0x1a014f70       0x32 c:/nxp/lpcxpresso_7.8.0_426/lpcxpresso/tools/bin/../lib/gcc/arm-none-eabi/4.9.3/armv7e-m/softfp\libcr_eabihelpers.a(memcpy.o)
                0x1a014f70                __aeabi_lowlevel_memset
 .text.__sys_appexit
                0x1a014fa2        0x2 c:/nxp/lpcxpresso_7.8.0_426/lpcxpresso/tools/bin/../lib/gcc/arm-none-eabi/4.9.3/../../../../arm-none-eabi/lib/armv7e-m/softfp\libcr_nohost.a(__sys_appexit.o)
                0x1a014fa2                __sys_appexit
                0x1a014fa2                __exit
 .text.__sys_close
                0x1a014fa4        0x6 c:/nxp/lpcxpresso_7.8.0_426/lpcxpresso/tools/bin/../lib/gcc/arm-none-eabi/4.9.3/../../../../arm-none-eabi/lib/armv7e-m/softfp\libcr_nohost.a(__sys_close.o)
                0x1a014fa4                __sys_close
 .text.__sys_flen
                0x1a014faa        0x6 c:/nxp/lpcxpresso_7.8.0_426/lpcxpresso/tools/bin/../lib/gcc/arm-none-eabi/4.9.3/../../../../arm-none-eabi/lib/armv7e-m/softfp\libcr_nohost.a(__sys_flen.o)
                0x1a014faa                __sys_flen
 .text.__sys_istty
                0x1a014fb0        0x6 c:/nxp/lpcxpresso_7.8.0_426/lpcxpresso/tools/bin/../lib/gcc/arm-none-eabi/4.9.3/../../../../arm-none-eabi/lib/armv7e-m/softfp\libcr_nohost.a(__sys_istty.o)
                0x1a014fb0                __sys_istty
 .text.__sys_remove
                0x1a014fb6        0x6 c:/nxp/lpcxpresso_7.8.0_426/lpcxpresso/tools/bin/../lib/gcc/arm-none-eabi/4.9.3/../../../../arm-none-eabi/lib/armv7e-m/softfp\libcr_nohost.a(__sys_remove.o)
                0x1a014fb6                __sys_remove
 .text.__sys_seek
                0x1a014fbc        0x6 c:/nxp/lpcxpresso_7.8.0_426/lpcxpresso/tools/bin/../lib/gcc/arm-none-eabi/4.9.3/../../../../arm-none-eabi/lib/armv7e-m/softfp\libcr_nohost.a(__sys_seek.o)
                0x1a014fbc                __sys_seek
 .text.__sys_tmpnam
                0x1a014fc2        0x6 c:/nxp/lpcxpresso_7.8.0_426/lpcxpresso/tools/bin/../lib/gcc/arm-none-eabi/4.9.3/../../../../arm-none-eabi/lib/armv7e-m/softfp\libcr_nohost.a(__sys_tmpnam.o)
                0x1a014fc2                __sys_tmpnam
 *(.rodata .rodata.* .constdata .constdata.*)
 .rodata.ethbroadcast
                0x1a014fc8        0x8 ./lwip/src/netif/etharp.o
                0x1a014fc8                ethbroadcast
 .rodata.ethzero
                0x1a014fd0        0x8 ./lwip/src/netif/etharp.o
                0x1a014fd0                ethzero
 .rodata.ip_addr_any
                0x1a014fd8        0x4 ./lwip/src/core/ipv4/ip_addr.o
                0x1a014fd8                ip_addr_any
 .rodata.ip_addr_broadcast
                0x1a014fdc        0x4 ./lwip/src/core/ipv4/ip_addr.o
                0x1a014fdc                ip_addr_broadcast
 .rodata.memp_sizes
                0x1a014fe0       0x14 ./lwip/src/core/memp.o
                0x1a014fe0                memp_sizes
 .rodata.tcp_backoff
                0x1a014ff4       0x10 ./lwip/src/core/tcp.o
                0x1a014ff4                tcp_backoff
 .rodata.tcp_persist_backoff
                0x1a015004        0x8 ./lwip/src/core/tcp.o
                0x1a015004                tcp_persist_backoff
 .rodata.tcp_pcb_lists
                0x1a01500c       0x10 ./lwip/src/core/tcp.o
                0x1a01500c                tcp_pcb_lists
 .rodata        0x1a01501c        0x8 ./lwip/src/arch/lpc18xx_43xx_emac.o
 .rodata        0x1a015024       0x10 ./fatfs/src/ff.o
 .rodata        0x1a015034       0x1c ./fatfs/src/fs_mci.o
 .rodata        0x1a015050      0x4e0 ./example/src/httpd.o
 .rodata.g_psHTTPHeaderStrings
                0x1a015530       0x6c ./example/src/httpd.o
 .rodata.g_psHTTPHeaders
                0x1a01559c       0x90 ./example/src/httpd.o
 .rodata.g_psDefaultFilenames
                0x1a01562c       0x28 ./example/src/httpd.o
                0x1a01562c                g_psDefaultFilenames
 .rodata.g_pcSSIExtensions
                0x1a015654       0x10 ./example/src/httpd.o
                0x1a015654                g_pcSSIExtensions
 .rodata.font_rom8x8
                0x1a015664        0xc ./example/src/lpc_rom8x8.o
                0x1a015664                font_rom8x8
 .rodata        0x1a015670      0x430 ./example/src/lwip_fs.o
 .rodata.g_psHTTPHeaderStrings
                0x1a015aa0       0x6c ./example/src/lwip_fs.o
 .rodata.g_psHTTPHeaders
                0x1a015b0c       0x90 ./example/src/lwip_fs.o
 .rodata.http_index_html
                0x1a015b9c       0xa4 ./example/src/lwip_fs.o
 .rodata        0x1a015c40       0xb0 ./example/src/webserver.o
 .rodata.CGI_URI_MAP
                0x1a015cf0        0x8 ./example/src/webserver.o
                0x1a015cf0                CGI_URI_MAP
 .rodata.ExtRateIn
                0x1a015cf8        0x4 C:\Users\Rishit\Documents\LPCXpresso_7.8.0_426\workspace\lpc_board_nxp_lpcxpresso_4337\Debug\liblpc_board_nxp_lpcxpresso_4337.a(board.o)
                0x1a015cf8                ExtRateIn
 .rodata.OscRateIn
                0x1a015cfc        0x4 C:\Users\Rishit\Documents\LPCXpresso_7.8.0_426\workspace\lpc_board_nxp_lpcxpresso_4337\Debug\liblpc_board_nxp_lpcxpresso_4337.a(board.o)
                0x1a015cfc                OscRateIn
 .rodata.gpioLEDBits
                0x1a015d00        0x8 C:\Users\Rishit\Documents\LPCXpresso_7.8.0_426\workspace\lpc_board_nxp_lpcxpresso_4337\Debug\liblpc_board_nxp_lpcxpresso_4337.a(board.o)
 .rodata        0x1a015d08        0x8 C:\Users\Rishit\Documents\LPCXpresso_7.8.0_426\workspace\lpc_board_nxp_lpcxpresso_4337\Debug\liblpc_board_nxp_lpcxpresso_4337.a(board.o)
 .rodata.InitClkStates
                0x1a015d10        0xc C:\Users\Rishit\Documents\LPCXpresso_7.8.0_426\workspace\lpc_board_nxp_lpcxpresso_4337\Debug\liblpc_board_nxp_lpcxpresso_4337.a(board_sysinit.o)
 .rodata.pinmuxing
                0x1a015d1c       0x34 C:\Users\Rishit\Documents\LPCXpresso_7.8.0_426\workspace\lpc_board_nxp_lpcxpresso_4337\Debug\liblpc_board_nxp_lpcxpresso_4337.a(board_sysinit.o)
 .rodata.lcd_init_cmd
                0x1a015d50       0x10 C:\Users\Rishit\Documents\LPCXpresso_7.8.0_426\workspace\lpc_board_nxp_lpcxpresso_4337\Debug\liblpc_board_nxp_lpcxpresso_4337.a(lcd_st7565s.o)
 .rodata.periph_to_base
                0x1a015d60       0x6c C:\Users\Rishit\Documents\LPCXpresso_7.8.0_426\workspace\lpc_chip_43xx\Debug\liblpc_chip_43xx.a(clock_18xx_43xx.o)
 .rodata        0x1a015dcc        0xc C:\Users\Rishit\Documents\LPCXpresso_7.8.0_426\workspace\lpc_chip_43xx\Debug\liblpc_chip_43xx.a(clock_18xx_43xx.o)
 .rodata.InitClkStates
                0x1a015dd8       0x48 C:\Users\Rishit\Documents\LPCXpresso_7.8.0_426\workspace\lpc_chip_43xx\Debug\liblpc_chip_43xx.a(sysinit_18xx_43xx.o)
 .rodata.UART_PClock
                0x1a015e20        0x8 C:\Users\Rishit\Documents\LPCXpresso_7.8.0_426\workspace\lpc_chip_43xx\Debug\liblpc_chip_43xx.a(uart_18xx_43xx.o)
 .rodata.UART_BClock
                0x1a015e28        0x8 C:\Users\Rishit\Documents\LPCXpresso_7.8.0_426\workspace\lpc_chip_43xx\Debug\liblpc_chip_43xx.a(uart_18xx_43xx.o)
 .rodata.str1.1
                0x1a015e30       0x18 c:/nxp/lpcxpresso_7.8.0_426/lpcxpresso/tools/bin/../lib/gcc/arm-none-eabi/4.9.3/../../../../arm-none-eabi/lib/armv7e-m/softfp\libcr_c.a(alloc.o)
 .rodata.str1.1
                0x1a015e48       0x34 c:/nxp/lpcxpresso_7.8.0_426/lpcxpresso/tools/bin/../lib/gcc/arm-none-eabi/4.9.3/../../../../arm-none-eabi/lib/armv7e-m/softfp\libcr_c.a(fpprintf.o)
                                 0x35 (size before relaxing)
 .rodata.str1.1
                0x1a015e7c        0x4 c:/nxp/lpcxpresso_7.8.0_426/lpcxpresso/tools/bin/../lib/gcc/arm-none-eabi/4.9.3/../../../../arm-none-eabi/lib/armv7e-m/softfp\libcr_c.a(initio.o)
 .rodata.str1.1